Component: ARM Compiler 5.06 update 1 (build 61) Tool: armlink [4d35a8]

==============================================================================

Section Cross References

    main.o(i.main) refers to delay.o(i.delay_init) for delay_init
    main.o(i.main) refers to ec11.o(i.EC11_Init) for EC11_Init
    main.o(i.main) refers to gd32f1x0_misc.o(i.NVIC_PRIGroup_Enable) for NVIC_PRIGroup_Enable
    main.o(i.main) refers to usart.o(i.uart_init) for uart_init
    main.o(i.main) refers to uart3.o(i.Uart485_Init) for Uart485_Init
    main.o(i.main) refers to func485.o(i.LoadStart) for LoadStart
    main.o(i.main) refers to led.o(i.AUX_Init) for AUX_Init
    main.o(i.main) refers to led.o(i.LED_Init) for LED_Init
    main.o(i.main) refers to myiic.o(i.IIC_Init_1) for IIC_Init_1
    main.o(i.main) refers to myiic.o(i.IIC_Init_2) for IIC_Init_2
    main.o(i.main) refers to myiic.o(i.IIC_Init_3) for IIC_Init_3
    main.o(i.main) refers to myiic.o(i.IIC_Init_4) for IIC_Init_4
    main.o(i.main) refers to et2259.o(i.PE_PA_Init) for PE_PA_Init
    main.o(i.main) refers to delay.o(i.delay_ms) for delay_ms
    main.o(i.main) refers to funcapi.o(i.SetChOnOff) for SetChOnOff
    main.o(i.main) refers to funcapi.o(i.SetChVol) for SetChVol
    main.o(i.main) refers to func485.o(i.process485) for process485
    main.o(i.main) refers to funcapi.o(.data) for ChSta
    led.o(i.AUX_Init) refers to gd32f1x0_rcc.o(i.RCC_AHBPeriphClock_Enable) for RCC_AHBPeriphClock_Enable
    led.o(i.AUX_Init) refers to gd32f1x0_gpio.o(i.GPIO_Init) for GPIO_Init
    led.o(i.AUX_Init) refers to gd32f1x0_gpio.o(i.GPIO_ResetBits) for GPIO_ResetBits
    led.o(i.LED_Init) refers to gd32f1x0_rcc.o(i.RCC_AHBPeriphClock_Enable) for RCC_AHBPeriphClock_Enable
    led.o(i.LED_Init) refers to gd32f1x0_gpio.o(i.GPIO_Init) for GPIO_Init
    led.o(i.LED_Init) refers to gd32f1x0_gpio.o(i.GPIO_ResetBits) for GPIO_ResetBits
    led.o(i.LED_ONOFF) refers to gd32f1x0_gpio.o(i.GPIO_ResetBits) for GPIO_ResetBits
    led.o(i.LED_ONOFF) refers to gd32f1x0_gpio.o(i.GPIO_SetBits) for GPIO_SetBits
    ec11.o(i.EC11KEY_Scan) refers to gd32f1x0_gpio.o(i.GPIO_ReadInputBit) for GPIO_ReadInputBit
    ec11.o(i.EC11KEY_Scan) refers to led.o(i.LED_ONOFF) for LED_ONOFF
    ec11.o(i.EC11KEY_Scan) refers to ec11.o(.data) for Sound_Status
    ec11.o(i.EC11_Cor) refers to gd32f1x0_gpio.o(i.GPIO_ReadInputBit) for GPIO_ReadInputBit
    ec11.o(i.EC11_Cor) refers to noretval__2printf.o(.text) for __2printf
    ec11.o(i.EC11_Cor) refers to ec11.o(.data) for ST
    ec11.o(i.EC11_Init) refers to gd32f1x0_rcc.o(i.RCC_AHBPeriphClock_Enable) for RCC_AHBPeriphClock_Enable
    ec11.o(i.EC11_Init) refers to gd32f1x0_gpio.o(i.GPIO_Init) for GPIO_Init
    ec11.o(i.EC11_KEYC) refers to ec11.o(i.EC11KEY_Scan) for EC11KEY_Scan
    ec11.o(i.EC11_KEYC) refers to ec11.o(i.EC11_Cor) for EC11_Cor
    ec11.o(i.EC11_KEYC) refers to funcapi.o(i.SetChVol) for SetChVol
    ec11.o(i.EC11_KEYC) refers to ec11.o(.data) for Sound_Status
    ec11.o(i.EC11_KEYC) refers to funcapi.o(.data) for Volume
    et2259.o(i.All_InitSet) refers to et2259.o(i.Write_code2259_1) for Write_code2259_1
    et2259.o(i.All_InitSet) refers to et2259.o(i.Write_code2259_2) for Write_code2259_2
    et2259.o(i.All_InitSet) refers to et2259.o(i.Write_code2259_3) for Write_code2259_3
    et2259.o(i.All_InitSet) refers to et2259.o(i.Write_code2259_4) for Write_code2259_4
    et2259.o(i.ChanSwitch) refers to gd32f1x0_gpio.o(i.GPIO_SetBits) for GPIO_SetBits
    et2259.o(i.ChanSwitch) refers to gd32f1x0_gpio.o(i.GPIO_ResetBits) for GPIO_ResetBits
    et2259.o(i.PE_PA_Init) refers to gd32f1x0_rcc.o(i.RCC_AHBPeriphClock_Enable) for RCC_AHBPeriphClock_Enable
    et2259.o(i.PE_PA_Init) refers to gd32f1x0_gpio.o(i.GPIO_Init) for GPIO_Init
    et2259.o(i.PE_PA_Init) refers to gd32f1x0_gpio.o(i.GPIO_SetBits) for GPIO_SetBits
    et2259.o(i.Volume1_Write) refers to et62429.o(i.ET1_Col) for ET1_Col
    et2259.o(i.Volume2_Write) refers to et62429.o(i.ET2_Col) for ET2_Col
    et2259.o(i.Volume3_Write) refers to et62429.o(i.ET3_Col) for ET3_Col
    et2259.o(i.Volume4_Write) refers to et62429.o(i.ET4_Col) for ET4_Col
    et2259.o(i.Write2259_1) refers to myiic.o(i.IIC_Start_1) for IIC_Start_1
    et2259.o(i.Write2259_1) refers to myiic.o(i.IIC_Send_Byte_1) for IIC_Send_Byte_1
    et2259.o(i.Write2259_1) refers to myiic.o(i.IIC_Ack_1) for IIC_Ack_1
    et2259.o(i.Write2259_1) refers to myiic.o(i.IIC_Stop_1) for IIC_Stop_1
    et2259.o(i.Write2259_1) refers to delay.o(i.delay_ms) for delay_ms
    et2259.o(i.Write2259_2) refers to myiic.o(i.IIC_Start_2) for IIC_Start_2
    et2259.o(i.Write2259_2) refers to myiic.o(i.IIC_Send_Byte_2) for IIC_Send_Byte_2
    et2259.o(i.Write2259_2) refers to myiic.o(i.IIC_Ack_2) for IIC_Ack_2
    et2259.o(i.Write2259_2) refers to myiic.o(i.IIC_Stop_2) for IIC_Stop_2
    et2259.o(i.Write2259_2) refers to delay.o(i.delay_ms) for delay_ms
    et2259.o(i.Write2259_3) refers to myiic.o(i.IIC_Start_3) for IIC_Start_3
[...]
    Removing gd32f1x0_timer.o(i.TIMER_OC4_Init), (108 bytes).
    Removing gd32f1x0_timer.o(i.TIMER_OC4_Polarity), (26 bytes).
    Removing gd32f1x0_timer.o(i.TIMER_OC4_Preload), (26 bytes).
    Removing gd32f1x0_timer.o(i.TIMER_OC4_RefClear), (24 bytes).
    Removing gd32f1x0_timer.o(i.TIMER_OCStructInit), (20 bytes).
    Removing gd32f1x0_timer.o(i.TIMER_OCxModeConfig), (82 bytes).
    Removing gd32f1x0_timer.o(i.TIMER_PWMCaptureConfig), (124 bytes).
    Removing gd32f1x0_timer.o(i.TIMER_PrescalerConfig), (6 bytes).
    Removing gd32f1x0_timer.o(i.TIMER_RemapConfig), (6 bytes).
    Removing gd32f1x0_timer.o(i.TIMER_SelectCOM), (24 bytes).
    Removing gd32f1x0_timer.o(i.TIMER_SelectHallSensor), (24 bytes).
    Removing gd32f1x0_timer.o(i.TIMER_SelectInputTrigger), (18 bytes).
    Removing gd32f1x0_timer.o(i.TIMER_SelectMasterSlaveMode), (18 bytes).
    Removing gd32f1x0_timer.o(i.TIMER_SelectOCRefClear), (18 bytes).
    Removing gd32f1x0_timer.o(i.TIMER_SelectOutputTrigger), (18 bytes).
    Removing gd32f1x0_timer.o(i.TIMER_SelectSlaveMode), (18 bytes).
    Removing gd32f1x0_timer.o(i.TIMER_SetAutoreload), (4 bytes).
    Removing gd32f1x0_timer.o(i.TIMER_SetClockDivision), (18 bytes).
    Removing gd32f1x0_timer.o(i.TIMER_SetCounter), (4 bytes).
    Removing gd32f1x0_timer.o(i.TIMER_Set_IC1_Prescaler), (18 bytes).
    Removing gd32f1x0_timer.o(i.TIMER_Set_IC2_Prescaler), (26 bytes).
    Removing gd32f1x0_timer.o(i.TIMER_Set_IC3_Prescaler), (18 bytes).
    Removing gd32f1x0_timer.o(i.TIMER_Set_IC4_Prescaler), (26 bytes).
    Removing gd32f1x0_timer.o(i.TIMER_SinglePulseMode), (18 bytes).
    Removing gd32f1x0_timer.o(i.TIMER_TIxExtCLkConfig), (62 bytes).
    Removing gd32f1x0_timer.o(i.TIMER_UpdateDisableConfig), (24 bytes).
    Removing gd32f1x0_timer.o(i.TIMER_UpdateRequestConfig), (24 bytes).
    Removing gd32f1x0_usart.o(i.USART_Address), (18 bytes).
    Removing gd32f1x0_usart.o(i.USART_AddressDetection_Set), (16 bytes).
    Removing gd32f1x0_usart.o(i.USART_AutoBaudRateDectMode_Set), (12 bytes).
    Removing gd32f1x0_usart.o(i.USART_AutoBaudRateDect_Enable), (22 bytes).
    Removing gd32f1x0_usart.o(i.USART_AutoRetryNumber_Set), (18 bytes).
    Removing gd32f1x0_usart.o(i.USART_BlockLength_Set), (18 bytes).
    Removing gd32f1x0_usart.o(i.USART_ClearBitState), (4 bytes).
    Removing gd32f1x0_usart.o(i.USART_ClockInit), (30 bytes).
    Removing gd32f1x0_usart.o(i.USART_ClockStructInit), (12 bytes).
    Removing gd32f1x0_usart.o(i.USART_DEATime_Set), (18 bytes).
    Removing gd32f1x0_usart.o(i.USART_DEDTime_Set), (18 bytes).
    Removing gd32f1x0_usart.o(i.USART_DEEPSLEEPModeEnable), (22 bytes).
    Removing gd32f1x0_usart.o(i.USART_DEEPSLEEPModeWakeUpSourceConfig), (16 bytes).
    Removing gd32f1x0_usart.o(i.USART_DE_Enable), (22 bytes).
    Removing gd32f1x0_usart.o(i.USART_DMARE_Set), (16 bytes).
    Removing gd32f1x0_usart.o(i.USART_DMA_Enable), (18 bytes).
    Removing gd32f1x0_usart.o(i.USART_DataInvert_Enable), (22 bytes).
    Removing gd32f1x0_usart.o(i.USART_DeInit), (64 bytes).
    Removing gd32f1x0_usart.o(i.USART_DriverEnablePolarity_Set), (16 bytes).
    Removing gd32f1x0_usart.o(i.USART_GetBitState), (16 bytes).
    Removing gd32f1x0_usart.o(i.USART_GuardTime_Set), (16 bytes).
    Removing gd32f1x0_usart.o(i.USART_HalfDuplex_Enable), (22 bytes).
    Removing gd32f1x0_usart.o(i.USART_InvPin_Enable), (18 bytes).
    Removing gd32f1x0_usart.o(i.USART_IrDA_Enable), (22 bytes).
    Removing gd32f1x0_usart.o(i.USART_IrDA_Set), (16 bytes).
    Removing gd32f1x0_usart.o(i.USART_LIN_Enable), (22 bytes).
    Removing gd32f1x0_usart.o(i.USART_MSBFirst_Enable), (22 bytes).
    Removing gd32f1x0_usart.o(i.USART_MuteModeWakeUp_Set), (16 bytes).
    Removing gd32f1x0_usart.o(i.USART_MuteMode_Enable), (22 bytes).
    Removing gd32f1x0_usart.o(i.USART_OneSamplingBit_Enable), (22 bytes).
    Removing gd32f1x0_usart.o(i.USART_OverRunFunc_Set), (16 bytes).
    Removing gd32f1x0_usart.o(i.USART_OverSampling8_Enable), (22 bytes).
    Removing gd32f1x0_usart.o(i.USART_ParaInit), (24 bytes).
    Removing gd32f1x0_usart.o(i.USART_ReceiverTimeOut_Enable), (22 bytes).
    Removing gd32f1x0_usart.o(i.USART_Request_Enable), (18 bytes).
    Removing gd32f1x0_usart.o(i.USART_SWPFunction_Enable), (22 bytes).
    Removing gd32f1x0_usart.o(i.USART_SetLINBDLength), (16 bytes).
    Removing gd32f1x0_usart.o(i.USART_SetPrescaler), (16 bytes).
    Removing gd32f1x0_usart.o(i.USART_SetReceiveTimeOut_Threshold), (16 bytes).
    Removing gd32f1x0_usart.o(i.USART_SmartCardNACK_Enable), (22 bytes).
    Removing gd32f1x0_usart.o(i.USART_SmartCard_Enable), (22 bytes).
    Removing gd32f1x0_usart.o(i.USART_TransferDirection_Enable), (18 bytes).
    Removing gd32f1x0_fmc.o(i.FMC_ClearBitState), (12 bytes).
    Removing gd32f1x0_fmc.o(i.FMC_GetBitState), (24 bytes).
    Removing gd32f1x0_fmc.o(i.FMC_INTConfig), (32 bytes).
    Removing gd32f1x0_fmc.o(i.FMC_MassErase), (68 bytes).
    Removing gd32f1x0_fmc.o(i.FMC_OB_BOOTConfig), (76 bytes).
    Removing gd32f1x0_fmc.o(i.FMC_OB_EnableWRP), (104 bytes).
    Removing gd32f1x0_fmc.o(i.FMC_OB_Erase), (140 bytes).
    Removing gd32f1x0_fmc.o(i.FMC_OB_GetRDP), (24 bytes).
    Removing gd32f1x0_fmc.o(i.FMC_OB_GetUser), (16 bytes).
    Removing gd32f1x0_fmc.o(i.FMC_OB_GetWRP), (12 bytes).
    Removing gd32f1x0_fmc.o(i.FMC_OB_Lock), (20 bytes).
    Removing gd32f1x0_fmc.o(i.FMC_OB_RDPConfig), (132 bytes).
    Removing gd32f1x0_fmc.o(i.FMC_OB_Reset), (20 bytes).
    Removing gd32f1x0_fmc.o(i.FMC_OB_SRAMParityConfig), (76 bytes).
    Removing gd32f1x0_fmc.o(i.FMC_OB_Unlock), (36 bytes).
    Removing gd32f1x0_fmc.o(i.FMC_OB_UserConfig), (84 bytes).
    Removing gd32f1x0_fmc.o(i.FMC_OB_VDDAConfig), (76 bytes).
    Removing gd32f1x0_fmc.o(i.FMC_OB_WriteUser), (76 bytes).
    Removing gd32f1x0_fmc.o(i.FMC_ProgramOptionByteData), (68 bytes).
    Removing funcapi.o(i.SetTotalVol), (36 bytes).

298 unused section(s) (total 13910 bytes) removed from the image.

==============================================================================

Image Symbol Table

    Local Symbols

    Symbol Name                              Value     Ov Type        Size  Object(Section)

    ../clib/angel/boardlib.s                 0x00000000   Number         0  boardshut.o ABSOLUTE
    ../clib/angel/boardlib.s                 0x00000000   Number         0  boardinit1.o ABSOLUTE
    ../clib/angel/boardlib.s                 0x00000000   Number         0  boardinit3.o ABSOLUTE
    ../clib/angel/boardlib.s                 0x00000000   Number         0  boardinit2.o ABSOLUTE
    ../clib/angel/handlers.s                 0x00000000   Number         0  __scatter_copy.o ABSOLUTE
    ../clib/angel/handlers.s                 0x00000000   Number         0  __scatter_zi.o ABSOLUTE
    ../clib/angel/kernel.s                   0x00000000   Number         0  __rtentry.o ABSOLUTE
    ../clib/angel/kernel.s                   0x00000000   Number         0  rtexit.o ABSOLUTE
    ../clib/angel/kernel.s                   0x00000000   Number         0  rtexit2.o ABSOLUTE
    ../clib/angel/kernel.s                   0x00000000   Number         0  __rtentry2.o ABSOLUTE
    ../clib/angel/kernel.s                   0x00000000   Number         0  __rtentry4.o ABSOLUTE
    ../clib/angel/rt.s                       0x00000000   Number         0  rt_raise.o ABSOLUTE
    ../clib/angel/scatter.s                  0x00000000   Number         0  __scatter.o ABSOLUTE
    ../clib/angel/startup.s                  0x00000000   Number         0  __main.o ABSOLUTE
    ../clib/angel/sys.s                      0x00000000   Number         0  use_no_semi.o ABSOLUTE
    ../clib/angel/sys.s                      0x00000000   Number         0  sys_stackheap_outer.o ABSOLUTE
    ../clib/angel/sys.s                      0x00000000   Number         0  use_no_semi_2.o ABSOLUTE
    ../clib/angel/sys.s                      0x00000000   Number         0  libspace.o ABSOLUTE
    ../clib/angel/sys.s                      0x00000000   Number         0  indicate_semi.o ABSOLUTE
    ../clib/angel/sysapp.c                   0x00000000   Number         0  sys_command.o ABSOLUTE
    ../clib/angel/sysapp.c                   0x00000000   Number         0  sys_wrch.o ABSOLUTE
    ../clib/armsys.c                         0x00000000   Number         0  _get_argv_nomalloc.o ABSOLUTE
    ../clib/armsys.c                         0x00000000   Number         0  argv_veneer.o ABSOLUTE
    ../clib/armsys.c                         0x00000000   Number         0  no_argv.o ABSOLUTE
    ../clib/armsys.c                         0x00000000   Number         0  argv_veneer.o ABSOLUTE
    ../clib/heapalloc.c                      0x00000000   Number         0  hrguard.o ABSOLUTE
    ../clib/heapaux.c                        0x00000000   Number         0  heapauxi.o ABSOLUTE
    ../clib/libinit.s                        0x00000000   Number         0  libinit2.o ABSOLUTE
    ../clib/libinit.s                        0x00000000   Number         0  libshutdown2.o ABSOLUTE
    ../clib/libinit.s                        0x00000000   Number         0  libinit.o ABSOLUTE
    ../clib/libinit.s                        0x00000000   Number         0  libshutdown.o ABSOLUTE
    ../clib/misc.s                           0x00000000   Number         0  printf_stubs.o ABSOLUTE
    ../clib/printf.c                         0x00000000   Number         0  __printf_ss_wp.o ABSOLUTE
    ../clib/printf.c                         0x00000000   Number         0  __printf_flags_ss_wp.o ABSOLUTE
    ../clib/printf.c                         0x00000000   Number         0  __printf_flags.o ABSOLUTE
    ../clib/printf.c                         0x00000000   Number         0  _printf_pad.o ABSOLUTE
    ../clib/printf.c                         0x00000000   Number         0  __2printf.o ABSOLUTE
    ../clib/printf.c                         0x00000000   Number         0  _printf_dec.o ABSOLUTE
    ../clib/printf.c                         0x00000000   Number         0  _printf_hex_ll.o ABSOLUTE
    ../clib/printf.c                         0x00000000   Number         0  _printf_hex_int.o ABSOLUTE
    ../clib/printf.c                         0x00000000   Number         0  _printf_hex_int_ll.o ABSOLUTE
    ../clib/printf.c                         0x00000000   Number         0  _printf_char_common.o ABSOLUTE
    ../clib/printf.c                         0x00000000   Number         0  __printf_nopercent.o ABSOLUTE
    ../clib/printf.c                         0x00000000   Number         0  _printf_char_file.o ABSOLUTE
    ../clib/printf.c                         0x00000000   Number         0  _printf_intcommon.o ABSOLUTE
    ../clib/printf.c                         0x00000000   Number         0  __printf.o ABSOLUTE
    ../clib/printf.c                         0x00000000   Number         0  noretval__2printf.o ABSOLUTE
    ../clib/printf.c                         0x00000000   Number         0  _printf_hex_ptr.o ABSOLUTE
    ../clib/printf.c                         0x00000000   Number         0  _printf_hex_int_ptr.o ABSOLUTE
    ../clib/printf.c                         0x00000000   Number         0  _printf_hex_ll_ptr.o ABSOLUTE
    ../clib/printf.c                         0x00000000   Number         0  _printf_hex_int_ll_ptr.o ABSOLUTE
    ../clib/printf.c                         0x00000000   Number         0  __printf_ss.o ABSOLUTE
    ../clib/printf.c                         0x00000000   Number         0  __printf_flags_ss.o ABSOLUTE
    ../clib/printf.c                         0x00000000   Number         0  __printf_wp.o ABSOLUTE
    ../clib/printf.c                         0x00000000   Number         0  __printf_flags_wp.o ABSOLUTE
    ../clib/printf_percent.s                 0x00000000   Number         0  _printf_percent_end.o ABSOLUTE
    ../clib/printf_percent.s                 0x00000000   Number         0  _printf_x.o ABSOLUTE
    ../clib/printf_percent.s                 0x00000000   Number         0  _printf_d.o ABSOLUTE
    ../clib/printf_percent.s                 0x00000000   Number         0  _printf_percent.o ABSOLUTE
    ../clib/signal.c                         0x00000000   Number         0  defsig_other.o ABSOLUTE
    ../clib/signal.c                         0x00000000   Number         0  defsig_segv_inner.o ABSOLUTE
    ../clib/signal.c                         0x00000000   Number         0  defsig_abrt_inner.o ABSOLUTE
    ../clib/signal.c                         0x00000000   Number         0  defsig_fpe_inner.o ABSOLUTE
    ../clib/signal.c                         0x00000000   Number         0  defsig_rtmem_outer.o ABSOLUTE
    ../clib/signal.c                         0x00000000   Number         0  defsig_rtred_inner.o ABSOLUTE
    ../clib/signal.c                         0x00000000   Number         0  defsig_stak_inner.o ABSOLUTE
    ../clib/signal.c                         0x00000000   Number         0  defsig_exit.o ABSOLUTE
    ../clib/signal.c                         0x00000000   Number         0  defsig_pvfn_inner.o ABSOLUTE
    ../clib/signal.c                         0x00000000   Number         0  defsig_rtmem_inner.o ABSOLUTE
    ../clib/signal.c                         0x00000000   Number         0  __raise.o ABSOLUTE
    ../clib/signal.c                         0x00000000   Number         0  defsig_general.o ABSOLUTE
    ../clib/signal.c                         0x00000000   Number         0  defsig_rtmem_formal.o ABSOLUTE
    ../clib/signal.c                         0x00000000   Number         0  defsig_cppl_inner.o ABSOLUTE
    ../clib/signal.s                         0x00000000   Number         0  defsig.o ABSOLUTE
    ../clib/stdio.c                          0x00000000   Number         0  ferror_locked.o ABSOLUTE
    ../clib/stdio.c                          0x00000000   Number         0  ferror.o ABSOLUTE
    ../clib/stdlib.c                         0x00000000   Number         0  exit.o ABSOLUTE
    ../fplib/daddsub.s                       0x00000000   Number         0  daddsub_clz.o ABSOLUTE
    ../fplib/ddiv.s                          0x00000000   Number         0  ddiv.o ABSOLUTE
    ../fplib/dfixu.s                         0x00000000   Number         0  dfixu.o ABSOLUTE
    ../fplib/dmul.s                          0x00000000   Number         0  dmul.o ABSOLUTE
    ../fplib/dnaninf.s                       0x00000000   Number         0  dnaninf.o ABSOLUTE
    ../fplib/dretinf.s                       0x00000000   Number         0  dretinf.o ABSOLUTE
    ../fplib/f2d.s                           0x00000000   Number         0  f2d.o ABSOLUTE
    ../fplib/fflt.s                          0x00000000   Number         0  fflt_clz.o ABSOLUTE
    ../fplib/fnaninf.s                       0x00000000   Number         0  fnaninf.o ABSOLUTE
    ../fplib/fpinit.s                        0x00000000   Number         0  fpinit.o ABSOLUTE
    ../fplib/usenofp.s                       0x00000000   Number         0  usenofp.o ABSOLUTE
    ..\Firmware\CMSIS\core_cm3.c             0x00000000   Number         0  core_cm3.o ABSOLUTE
    ..\Firmware\CMSIS\startup_gd32f1x0.s     0x00000000   Number         0  startup_gd32f1x0.o ABSOLUTE
    ..\Firmware\CMSIS\system_gd32f1x0.c      0x00000000   Number         0  system_gd32f1x0.o ABSOLUTE
    ..\Firmware\Peripherals\src\gd32f1x0_crc.c 0x00000000   Number         0  gd32f1x0_crc.o ABSOLUTE
    ..\Firmware\Peripherals\src\gd32f1x0_exti.c 0x00000000   Number         0  gd32f1x0_exti.o ABSOLUTE
    ..\Firmware\Peripherals\src\gd32f1x0_fmc.c 0x00000000   Number         0  gd32f1x0_fmc.o ABSOLUTE
    ..\Firmware\Peripherals\src\gd32f1x0_gpio.c 0x00000000   Number         0  gd32f1x0_gpio.o ABSOLUTE
    ..\Firmware\Peripherals\src\gd32f1x0_misc.c 0x00000000   Number         0  gd32f1x0_misc.o ABSOLUTE
    ..\Firmware\Peripherals\src\gd32f1x0_rcc.c 0x00000000   Number         0  gd32f1x0_rcc.o ABSOLUTE
    ..\Firmware\Peripherals\src\gd32f1x0_rtc.c 0x00000000   Number         0  gd32f1x0_rtc.o ABSOLUTE
    ..\Firmware\Peripherals\src\gd32f1x0_timer.c 0x00000000   Number         0  gd32f1x0_timer.o ABSOLUTE
    ..\Firmware\Peripherals\src\gd32f1x0_usart.c 0x00000000   Number         0  gd32f1x0_usart.o ABSOLUTE
    ..\Func485\DataSave.c                    0x00000000   Number         0  datasave.o ABSOLUTE
    ..\Func485\Func485.c                     0x00000000   Number         0  func485.o ABSOLUTE
    ..\Func485\FuncAPI.c                     0x00000000   Number         0  funcapi.o ABSOLUTE
    ..\Func485\uart3.c                       0x00000000   Number         0  uart3.o ABSOLUTE
    ..\HARDWARE\EC11\EC11.c                  0x00000000   Number         0  ec11.o ABSOLUTE
    ..\HARDWARE\ET2259\ET2259.c              0x00000000   Number         0  et2259.o ABSOLUTE
    ..\HARDWARE\ET2259\myiic.c               0x00000000   Number         0  myiic.o ABSOLUTE
    ..\HARDWARE\ET62429\ET62429.c            0x00000000   Number         0  et62429.o ABSOLUTE
    ..\HARDWARE\LED\LED.c                    0x00000000   Number         0  led.o ABSOLUTE
    ..\SYSTEM\delay\delay.c                  0x00000000   Number         0  delay.o ABSOLUTE
    ..\SYSTEM\sys\sys.c                      0x00000000   Number         0  sys.o ABSOLUTE
    ..\SYSTEM\usart\usart.c                  0x00000000   Number         0  usart.o ABSOLUTE
    ..\\Firmware\\CMSIS\\core_cm3.c          0x00000000   Number         0  core_cm3.o ABSOLUTE
    ..\\SYSTEM\\sys\\sys.c                   0x00000000   Number         0  sys.o ABSOLUTE
    ..\gd32f1x0_it.c                         0x00000000   Number         0  gd32f1x0_it.o ABSOLUTE
    ..\main.c                                0x00000000   Number         0  main.o ABSOLUTE
    dc.s                                     0x00000000   Number         0  dc.o ABSOLUTE
    RESET                                    0x08000000   Section      346  startup_gd32f1x0.o(RESET)
    !!!main                                  0x0800015c   Section        8  __main.o(!!!main)
    !!!scatter                               0x08000164   Section       52  __scatter.o(!!!scatter)
    !!handler_copy                           0x08000198   Section       26  __scatter_copy.o(!!handler_copy)
    !!handler_zi                             0x080001b4   Section       28  __scatter_zi.o(!!handler_zi)
    .ARM.Collect$$_printf_percent$$00000000  0x080001d0   Section        0  _printf_percent.o(.ARM.Collect$$_printf_percent$$00000000)
    .ARM.Collect$$_printf_percent$$00000009  0x080001d0   Section        6  _printf_d.o(.ARM.Collect$$_printf_percent$$00000009)
    .ARM.Collect$$_printf_percent$$0000000C  0x080001d6   Section        6  _printf_x.o(.ARM.Collect$$_printf_percent$$0000000C)
    .ARM.Collect$$_printf_percent$$00000017  0x080001dc   Section        4  _printf_percent_end.o(.ARM.Collect$$_printf_percent$$00000017)
    .ARM.Collect$$libinit$$00000000          0x080001e0   Section        2  libinit.o(.ARM.Collect$$libinit$$00000000)
    .ARM.Collect$$libinit$$00000002          0x080001e2   Section        0  libinit2.o(.ARM.Collect$$libinit$$00000002)
    .ARM.Collect$$libinit$$00000004          0x080001e2   Section        0  libinit2.o(.ARM.Collect$$libinit$$00000004)
    .ARM.Collect$$libinit$$0000000A          0x080001e2   Section        0  libinit2.o(.ARM.Collect$$libinit$$0000000A)
    .ARM.Collect$$libinit$$0000000C          0x080001e2   Section        0  libinit2.o(.ARM.Collect$$libinit$$0000000C)
    .ARM.Collect$$libinit$$0000000E          0x080001e2   Section        0  libinit2.o(.ARM.Collect$$libinit$$0000000E)
    .ARM.Collect$$libinit$$00000011          0x080001e2   Section        0  libinit2.o(.ARM.Collect$$libinit$$00000011)
    .ARM.Collect$$libinit$$00000013          0x080001e2   Section        0  libinit2.o(.ARM.Collect$$libinit$$00000013)
    .ARM.Collect$$libinit$$00000015          0x080001e2   Section        0  libinit2.o(.ARM.Collect$$libinit$$00000015)
    .ARM.Collect$$libinit$$00000017          0x080001e2   Section        0  libinit2.o(.ARM.Collect$$libinit$$00000017)
    .ARM.Collect$$libinit$$00000019          0x080001e2   Section        0  libinit2.o(.ARM.Collect$$libinit$$00000019)
    .ARM.Collect$$libinit$$0000001B          0x080001e2   Section        0  libinit2.o(.ARM.Collect$$libinit$$0000001B)
    .ARM.Collect$$libinit$$0000001D          0x080001e2   Section        0  libinit2.o(.ARM.Collect$$libinit$$0000001D)
    .ARM.Collect$$libinit$$0000001F          0x080001e2   Section        0  libinit2.o(.ARM.Collect$$libinit$$0000001F)
    .ARM.Collect$$libinit$$00000021          0x080001e2   Section        0  libinit2.o(.ARM.Collect$$libinit$$00000021)
    .ARM.Collect$$libinit$$00000023          0x080001e2   Section        0  libinit2.o(.ARM.Collect$$libinit$$00000023)
    .ARM.Collect$$libinit$$00000025          0x080001e2   Section        0  libinit2.o(.ARM.Collect$$libinit$$00000025)
    .ARM.Collect$$libinit$$0000002C          0x080001e2   Section        0  libinit2.o(.ARM.Collect$$libinit$$0000002C)
    .ARM.Collect$$libinit$$0000002E          0x080001e2   Section        0  libinit2.o(.ARM.Collect$$libinit$$0000002E)
    .ARM.Collect$$libinit$$00000030          0x080001e2   Section        0  libinit2.o(.ARM.Collect$$libinit$$00000030)
    .ARM.Collect$$libinit$$00000032          0x080001e2   Section        0  libinit2.o(.ARM.Collect$$libinit$$00000032)
    .ARM.Collect$$libinit$$00000033          0x080001e2   Section        2  libinit2.o(.ARM.Collect$$libinit$$00000033)
    .ARM.Collect$$libshutdown$$00000000      0x080001e4   Section        2  libshutdown.o(.ARM.Collect$$libshutdown$$00000000)
    .ARM.Collect$$libshutdown$$00000002      0x080001e6   Section        0  libshutdown2.o(.ARM.Collect$$libshutdown$$00000002)
    .ARM.Collect$$libshutdown$$00000004      0x080001e6   Section        0  libshutdown2.o(.ARM.Collect$$libshutdown$$00000004)
    .ARM.Collect$$libshutdown$$00000007      0x080001e6   Section        0  libshutdown2.o(.ARM.Collect$$libshutdown$$00000007)
    .ARM.Collect$$libshutdown$$0000000A      0x080001e6   Section        0  libshutdown2.o(.ARM.Collect$$libshutdown$$0000000A)
    .ARM.Collect$$libshutdown$$0000000C      0x080001e6   Section        0  libshutdown2.o(.ARM.Collect$$libshutdown$$0000000C)
    .ARM.Collect$$libshutdown$$0000000F      0x080001e6   Section        0  libshutdown2.o(.ARM.Collect$$libshutdown$$0000000F)
    .ARM.Collect$$libshutdown$$00000010      0x080001e6   Section        2  libshutdown2.o(.ARM.Collect$$libshutdown$$00000010)
    .ARM.Collect$$rtentry$$00000000          0x080001e8   Section        0  __rtentry.o(.ARM.Collect$$rtentry$$00000000)
    .ARM.Collect$$rtentry$$00000002          0x080001e8   Section        0  __rtentry2.o(.ARM.Collect$$rtentry$$00000002)
    .ARM.Collect$$rtentry$$00000004          0x080001e8   Section        6  __rtentry4.o(.ARM.Collect$$rtentry$$00000004)
    .ARM.Collect$$rtentry$$00000009          0x080001ee   Section        0  __rtentry2.o(.ARM.Collect$$rtentry$$00000009)
    .ARM.Collect$$rtentry$$0000000A          0x080001ee   Section        4  __rtentry2.o(.ARM.Collect$$rtentry$$0000000A)
    .ARM.Collect$$rtentry$$0000000C          0x080001f2   Section        0  __rtentry2.o(.ARM.Collect$$rtentry$$0000000C)
    .ARM.Collect$$rtentry$$0000000D          0x080001f2   Section        8  __rtentry2.o(.ARM.Collect$$rtentry$$0000000D)
    .ARM.Collect$$rtexit$$00000000           0x080001fa   Section        2  rtexit.o(.ARM.Collect$$rtexit$$00000000)
    .ARM.Collect$$rtexit$$00000002           0x080001fc   Section        0  rtexit2.o(.ARM.Collect$$rtexit$$00000002)
    .ARM.Collect$$rtexit$$00000003           0x080001fc   Section        4  rtexit2.o(.ARM.Collect$$rtexit$$00000003)
    .ARM.Collect$$rtexit$$00000004           0x08000200   Section        6  rtexit2.o(.ARM.Collect$$rtexit$$00000004)
    .text                                    0x08000208   Section       64  startup_gd32f1x0.o(.text)
    .text                                    0x08000248   Section        2  use_no_semi_2.o(.text)
    .text                                    0x0800024c   Section        0  noretval__2printf.o(.text)
    .text                                    0x08000264   Section        0  _printf_pad.o(.text)
    .text                                    0x080002b4   Section        0  _printf_dec.o(.text)
    .text                                    0x0800032c   Section        0  _printf_hex_int.o(.text)
    .text                                    0x08000384   Section        0  __printf_flags_wp.o(.text)
    .text                                    0x080004bc   Section        0  heapauxi.o(.text)
    .text                                    0x080004c2   Section        2  use_no_semi.o(.text)
    .text                                    0x080004c4   Section        0  _printf_intcommon.o(.text)
    .text                                    0x08000578   Section        0  _printf_char_file.o(.text)
    .text                                    0x0800059c   Section        0  _printf_char_common.o(.text)
    _printf_input_char                       0x0800059d   Thumb Code    10  _printf_char_common.o(.text)
    .text                                    0x080005cc   Section        0  ferror.o(.text)
    .text                                    0x080005d4   Section       74  sys_stackheap_outer.o(.text)
    .text                                    0x0800061e   Section        0  exit.o(.text)
    .text                                    0x08000630   Section        8  libspace.o(.text)
    i.AUX_Init                               0x08000638   Section        0  led.o(i.AUX_Init)
    i.AddStepChVol                           0x08000678   Section        0  funcapi.o(i.AddStepChVol)
    i.BusFault_Handler                       0x080006a8   Section        0  gd32f1x0_it.o(i.BusFault_Handler)
    i.CMD_Cmd_Add                            0x080006ac   Section        0  func485.o(i.CMD_Cmd_Add)
    i.CMD_Cmd_Addr_Change                    0x0800070c   Section        0  func485.o(i.CMD_Cmd_Addr_Change)
    i.CMD_Cmd_Addr_Start                     0x0800091c   Section        0  func485.o(i.CMD_Cmd_Addr_Start)
    i.CMD_Cmd_Adrr_Dirt                      0x08000948   Section        0  func485.o(i.CMD_Cmd_Adrr_Dirt)
    i.CMD_Cmd_Auto                           0x080009a0   Section        0  func485.o(i.CMD_Cmd_Auto)
    i.CMD_Cmd_Login                          0x080009c0   Section        0  func485.o(i.CMD_Cmd_Login)
    i.CMD_Cmd_Next                           0x08000a0c   Section        0  func485.o(i.CMD_Cmd_Next)
    i.CMD_Cmd_Play                           0x08000a28   Section        0  func485.o(i.CMD_Cmd_Play)
    i.CMD_Cmd_Prev                           0x08000a44   Section        0  func485.o(i.CMD_Cmd_Prev)
    i.CMD_Cmd_SetChann                       0x08000a60   Section        0  func485.o(i.CMD_Cmd_SetChann)
    i.CMD_Cmd_SetVol                         0x08000ad0   Section        0  func485.o(i.CMD_Cmd_SetVol)
    i.CMD_Cmd_Status_Query                   0x08000b4c   Section        0  func485.o(i.CMD_Cmd_Status_Query)
    i.CMD_Cmd_Stop                           0x08000ca0   Section        0  func485.o(i.CMD_Cmd_Stop)
    i.CMD_Cmd_Sub                            0x08000cbc   Section        0  func485.o(i.CMD_Cmd_Sub)
    i.CMD_Query_Ch1                          0x08000d1c   Section        0  func485.o(i.CMD_Query_Ch1)
    i.ChanSwitch                             0x08000d6c   Section        0  et2259.o(i.ChanSwitch)
    i.CheckFristTime                         0x08000df0   Section        0  uart3.o(i.CheckFristTime)
    i.Crc8CheckSum                           0x08000e40   Section        0  func485.o(i.Crc8CheckSum)
    i.DebugMon_Handler                       0x08000e80   Section        0  gd32f1x0_it.o(i.DebugMon_Handler)
    i.EC11_Init                              0x08000e84   Section        0  ec11.o(i.EC11_Init)
    i.ET1_Col                                0x08000edc   Section        0  et62429.o(i.ET1_Col)
    i.ET2_Col                                0x0800101c   Section        0  et62429.o(i.ET2_Col)
    i.ET3_Col                                0x0800115c   Section        0  et62429.o(i.ET3_Col)
    i.ET4_Col                                0x0800127c   Section        0  et62429.o(i.ET4_Col)
    i.FMC_ErasePage                          0x080013bc   Section        0  gd32f1x0_fmc.o(i.FMC_ErasePage)
    i.FMC_GetState                           0x08001404   Section        0  gd32f1x0_fmc.o(i.FMC_GetState)
    i.FMC_Lock                               0x08001434   Section        0  gd32f1x0_fmc.o(i.FMC_Lock)
    i.FMC_ProgramWord                        0x08001448   Section        0  gd32f1x0_fmc.o(i.FMC_ProgramWord)
    i.FMC_Unlock                             0x08001488   Section        0  gd32f1x0_fmc.o(i.FMC_Unlock)
    i.FMC_WaitReady                          0x080014ac   Section        0  gd32f1x0_fmc.o(i.FMC_WaitReady)
    i.GPIO_Init                              0x080014ce   Section        0  gd32f1x0_gpio.o(i.GPIO_Init)
    i.GPIO_PinAFConfig                       0x08001554   Section        0  gd32f1x0_gpio.o(i.GPIO_PinAFConfig)
    i.GPIO_ResetBits                         0x0800159a   Section        0  gd32f1x0_gpio.o(i.GPIO_ResetBits)
    i.GPIO_SetBits                           0x0800159e   Section        0  gd32f1x0_gpio.o(i.GPIO_SetBits)
    i.GetLockCode                            0x080015a4   Section        0  func485.o(i.GetLockCode)
    i.HardFault_Handler                      0x080015d4   Section        0  gd32f1x0_it.o(i.HardFault_Handler)
    i.IIC_Init_1                             0x080015d8   Section        0  myiic.o(i.IIC_Init_1)
    i.IIC_Init_2                             0x08001614   Section        0  myiic.o(i.IIC_Init_2)
    i.IIC_Init_3                             0x08001654   Section        0  myiic.o(i.IIC_Init_3)
    i.IIC_Init_4                             0x08001694   Section        0  myiic.o(i.IIC_Init_4)
    i.LED_Init                               0x080016d4   Section        0  led.o(i.LED_Init)
    i.LoadStart                              0x08001714   Section        0  func485.o(i.LoadStart)
    i.MemManage_Handler                      0x08001830   Section        0  gd32f1x0_it.o(i.MemManage_Handler)
    i.NMI_Handler                            0x08001834   Section        0  gd32f1x0_it.o(i.NMI_Handler)
    i.NVIC_Init                              0x08001838   Section        0  gd32f1x0_misc.o(i.NVIC_Init)
    i.NVIC_PRIGroup_Enable                   0x08001904   Section        0  gd32f1x0_misc.o(i.NVIC_PRIGroup_Enable)
    i.PE_PA_Init                             0x08001918   Section        0  et2259.o(i.PE_PA_Init)
    i.PendSV_Handler                         0x08001954   Section        0  gd32f1x0_it.o(i.PendSV_Handler)
    i.RCC_AHBPeriphClock_Enable              0x08001958   Section        0  gd32f1x0_rcc.o(i.RCC_AHBPeriphClock_Enable)
    i.RCC_APB1PeriphClock_Enable             0x08001978   Section        0  gd32f1x0_rcc.o(i.RCC_APB1PeriphClock_Enable)
    i.RCC_APB2PeriphClock_Enable             0x08001998   Section        0  gd32f1x0_rcc.o(i.RCC_APB2PeriphClock_Enable)
    i.RCC_GetClocksFreq                      0x080019b8   Section        0  gd32f1x0_rcc.o(i.RCC_GetClocksFreq)
    i.RecvOneProData                         0x08001b3c   Section        0  func485.o(i.RecvOneProData)
    i.Reply485                               0x08001c80   Section        0  func485.o(i.Reply485)
    i.S400DataSave                           0x08001d4c   Section        0  datasave.o(i.S400DataSave)
    i.S400ReadFromFlash                      0x08001dc4   Section        0  datasave.o(i.S400ReadFromFlash)
    i.SVC_Handler                            0x08001e24   Section        0  gd32f1x0_it.o(i.SVC_Handler)
    i.SendDataTo485                          0x08001e28   Section        0  uart3.o(i.SendDataTo485)
    i.SetChOnOff                             0x08001e7c   Section        0  funcapi.o(i.SetChOnOff)
    i.SetChVol                               0x08001ecc   Section        0  funcapi.o(i.SetChVol)
    i.SetSysClockTo72HSI                     0x08001fb8   Section        0  system_gd32f1x0.o(i.SetSysClockTo72HSI)
    SetSysClockTo72HSI                       0x08001fb9   Thumb Code   118  system_gd32f1x0.o(i.SetSysClockTo72HSI)
    i.Set_SysClock                           0x0800203c   Section        0  system_gd32f1x0.o(i.Set_SysClock)
    Set_SysClock                             0x0800203d   Thumb Code     8  system_gd32f1x0.o(i.Set_SysClock)
    i.SubStepChVol                           0x08002044   Section        0  funcapi.o(i.SubStepChVol)
    i.SysTick_CKSource_Enable                0x08002074   Section        0  gd32f1x0_misc.o(i.SysTick_CKSource_Enable)
    i.SysTick_Handler                        0x0800209c   Section        0  gd32f1x0_it.o(i.SysTick_Handler)
    i.System_Init                            0x080020a0   Section        0  system_gd32f1x0.o(i.System_Init)
    i.USART1_IRQHandler                      0x08002118   Section        0  usart.o(i.USART1_IRQHandler)
    i.USART2_IRQHandler                      0x080021a0   Section        0  uart3.o(i.USART2_IRQHandler)
    i.USART_ClearIntBitState                 0x08002218   Section        0  gd32f1x0_usart.o(i.USART_ClearIntBitState)
    i.USART_DataReceive                      0x0800222a   Section        0  gd32f1x0_usart.o(i.USART_DataReceive)
    i.USART_DataSend                         0x08002234   Section        0  gd32f1x0_usart.o(i.USART_DataSend)
    i.USART_Enable                           0x0800223c   Section        0  gd32f1x0_usart.o(i.USART_Enable)
    i.USART_GetIntBitState                   0x08002252   Section        0  gd32f1x0_usart.o(i.USART_GetIntBitState)
    i.USART_INT_Set                          0x0800229a   Section        0  gd32f1x0_usart.o(i.USART_INT_Set)
    i.USART_Init                             0x080022d8   Section        0  gd32f1x0_usart.o(i.USART_Init)
    i.Uart485_Init                           0x08002394   Section        0  uart3.o(i.Uart485_Init)
    i.UsageFault_Handler                     0x08002474   Section        0  gd32f1x0_it.o(i.UsageFault_Handler)
    i.Volume1_Write                          0x08002478   Section        0  et2259.o(i.Volume1_Write)
    i.Volume2_Write                          0x08002486   Section        0  et2259.o(i.Volume2_Write)
    i.Volume3_Write                          0x08002494   Section        0  et2259.o(i.Volume3_Write)
    i.Volume4_Write                          0x080024a2   Section        0  et2259.o(i.Volume4_Write)
    i._is_digit                              0x080024b0   Section        0  __printf_wp.o(i._is_digit)
    i._sys_exit                              0x080024be   Section        0  usart.o(i._sys_exit)
    i.delay_init                             0x080024c4   Section        0  delay.o(i.delay_init)
    i.delay_ms                               0x08002500   Section        0  delay.o(i.delay_ms)
    i.delay_us                               0x0800254c   Section        0  delay.o(i.delay_us)
    i.fputc                                  0x08002598   Section        0  usart.o(i.fputc)
    i.main                                   0x080025b4   Section        0  main.o(i.main)
    i.process485                             0x08002630   Section        0  func485.o(i.process485)
    i.uart_init                              0x0800276c   Section        0  usart.o(i.uart_init)
    x$fpl$dadd                               0x08002810   Section      336  daddsub_clz.o(x$fpl$dadd)
    _dadd1                                   0x08002821   Thumb Code     0  daddsub_clz.o(x$fpl$dadd)
    x$fpl$ddiv                               0x08002960   Section      688  ddiv.o(x$fpl$ddiv)
    ddiv_entry                               0x08002967   Thumb Code     0  ddiv.o(x$fpl$ddiv)
    x$fpl$dfixu                              0x08002c10   Section       90  dfixu.o(x$fpl$dfixu)
    x$fpl$dmul                               0x08002c6c   Section      340  dmul.o(x$fpl$dmul)
    x$fpl$dnaninf                            0x08002dc0   Section      156  dnaninf.o(x$fpl$dnaninf)
    x$fpl$dretinf                            0x08002e5c   Section       12  dretinf.o(x$fpl$dretinf)
    x$fpl$drsb                               0x08002e68   Section       22  daddsub_clz.o(x$fpl$drsb)
    x$fpl$dsub                               0x08002e80   Section      468  daddsub_clz.o(x$fpl$dsub)
    _dsub1                                   0x08002e91   Thumb Code     0  daddsub_clz.o(x$fpl$dsub)
    x$fpl$f2d                                0x08003054   Section       86  f2d.o(x$fpl$f2d)
    x$fpl$ffltu                              0x080030ac   Section       38  fflt_clz.o(x$fpl$ffltu)
    x$fpl$fnaninf                            0x080030d2   Section      140  fnaninf.o(x$fpl$fnaninf)
    .constdata                               0x0800315e   Section       40  _printf_hex_int.o(.constdata)
    x$fpl$usenofp                            0x0800315e   Section        0  usenofp.o(x$fpl$usenofp)
    uc_hextab                                0x0800315e   Data          20  _printf_hex_int.o(.constdata)
    lc_hextab                                0x08003172   Data          20  _printf_hex_int.o(.constdata)
    .constdata                               0x08003186   Section       17  __printf_flags_wp.o(.constdata)
    maptable                                 0x08003186   Data          17  __printf_flags_wp.o(.constdata)
    .data                                    0x20000000   Section        4  delay.o(.data)
    fac_us                                   0x20000000   Data           1  delay.o(.data)
    fac_ms                                   0x20000002   Data           2  delay.o(.data)
    .data                                    0x20000004   Section        6  usart.o(.data)
    .data                                    0x2000000a   Section       24  gd32f1x0_rcc.o(.data)
    AHBPrescTable                            0x2000000a   Data          16  gd32f1x0_rcc.o(.data)
    APBPrescTable                            0x2000001a   Data           8  gd32f1x0_rcc.o(.data)
    .data                                    0x20000024   Section      153  func485.o(.data)
    boardcast_login                          0x2000002e   Data           1  func485.o(.data)
    time_cnt                                 0x200000b8   Data           4  func485.o(.data)
    startsend                                0x200000bc   Data           1  func485.o(.data)
    .data                                    0x200000bd   Section        8  funcapi.o(.data)
    .data                                    0x200000c5   Section        4  uart3.o(.data)
    Recive_Cnt                               0x200000c7   Data           1  uart3.o(.data)
    RsvStart                                 0x200000c8   Data           1  uart3.o(.data)
    .bss                                     0x200000cc   Section      200  usart.o(.bss)
    .bss                                     0x20000194   Section      263  uart3.o(.bss)
    .bss                                     0x2000029c   Section       96  libspace.o(.bss)
    HEAP                                     0x20000300   Section     1024  startup_gd32f1x0.o(HEAP)
    Heap_Mem                                 0x20000300   Data        1024  startup_gd32f1x0.o(HEAP)
    STACK                                    0x20000700   Section     1024  startup_gd32f1x0.o(STACK)
    Stack_Mem                                0x20000700   Data        1024  startup_gd32f1x0.o(STACK)
    __initial_sp                             0x20000b00   Data           0  startup_gd32f1x0.o(STACK)

    Global Symbols

    Symbol Name                              Value     Ov Type        Size  Object(Section)

    BuildAttributes$$THM_ISAv4$P$D$K$B$S$PE$A:L22UL41UL21$X:L11$S22US41US21$IEEE1$IW$USESV6$~STKCKD$USESV7$~SHL$OSPACE$ROPI$EBA8$UX$STANDARDLIB$REQ8$PRES8$EABIv2 0x00000000   Number         0  anon$$obj.o ABSOLUTE
    __ARM_use_no_argv                        0x00000000   Number         0  main.o ABSOLUTE
    _printf_flags                            0x00000000   Number         0  printf_stubs.o ABSOLUTE
    _printf_return_value                     0x00000000   Number         0  printf_stubs.o ABSOLUTE
    _printf_sizespec                         0x00000000   Number         0  printf_stubs.o ABSOLUTE
    _printf_widthprec                        0x00000000   Number         0  printf_stubs.o ABSOLUTE
    __ARM_exceptions_init                     - Undefined Weak Reference
    __alloca_initialize                       - Undefined Weak Reference
    __arm_preinit_                            - Undefined Weak Reference
    __cpp_initialize__aeabi_                  - Undefined Weak Reference
    __cxa_finalize                            - Undefined Weak Reference
    __rt_locale                               - Undefined Weak Reference
    __sigvec_lookup                           - Undefined Weak Reference
    _atexit_init                              - Undefined Weak Reference
    _call_atexit_fns                          - Undefined Weak Reference
    _clock_init                               - Undefined Weak Reference
    _fp_trap_init                             - Undefined Weak Reference
    _fp_trap_shutdown                         - Undefined Weak Reference
    _get_lc_collate                           - Undefined Weak Reference
    _get_lc_ctype                             - Undefined Weak Reference
    _get_lc_monetary                          - Undefined Weak Reference
    _get_lc_numeric                           - Undefined Weak Reference
    _get_lc_time                              - Undefined Weak Reference
    _getenv_init                              - Undefined Weak Reference
    _handle_redirection                       - Undefined Weak Reference
    _init_alloc                               - Undefined Weak Reference
    _init_user_alloc                          - Undefined Weak Reference
    _initio                                   - Undefined Weak Reference
    _mutex_acquire                            - Undefined Weak Reference
    _mutex_release                            - Undefined Weak Reference
    _printf_truncate_signed                   - Undefined Weak Reference
    _printf_truncate_unsigned                 - Undefined Weak Reference
    _rand_init                                - Undefined Weak Reference
    _signal_finish                            - Undefined Weak Reference
    _signal_init                              - Undefined Weak Reference
    _terminate_alloc                          - Undefined Weak Reference
    _terminate_user_alloc                     - Undefined Weak Reference
    _terminateio                              - Undefined Weak Reference
    __Vectors_Size                           0x0000015a   Number         0  startup_gd32f1x0.o ABSOLUTE
    __Vectors                                0x08000000   Data           4  startup_gd32f1x0.o(RESET)
    __Vectors_End                            0x0800015a   Data           0  startup_gd32f1x0.o(RESET)
    __main                                   0x0800015d   Thumb Code     8  __main.o(!!!main)
    __scatterload                            0x08000165   Thumb Code     0  __scatter.o(!!!scatter)
    __scatterload_rt2                        0x08000165   Thumb Code    44  __scatter.o(!!!scatter)
    __scatterload_rt2_thumb_only             0x08000165   Thumb Code     0  __scatter.o(!!!scatter)
    __scatterload_null                       0x08000173   Thumb Code     0  __scatter.o(!!!scatter)
    __scatterload_copy                       0x08000199   Thumb Code    26  __scatter_copy.o(!!handler_copy)
    __scatterload_zeroinit                   0x080001b5   Thumb Code    28  __scatter_zi.o(!!handler_zi)
    _printf_d                                0x080001d1   Thumb Code     0  _printf_d.o(.ARM.Collect$$_printf_percent$$00000009)
    _printf_percent                          0x080001d1   Thumb Code     0  _printf_percent.o(.ARM.Collect$$_printf_percent$$00000000)
    _printf_x                                0x080001d7   Thumb Code     0  _printf_x.o(.ARM.Collect$$_printf_percent$$0000000C)
    _printf_percent_end                      0x080001dd   Thumb Code     0  _printf_percent_end.o(.ARM.Collect$$_printf_percent$$00000017)
    __rt_lib_init                            0x080001e1   Thumb Code     0  libinit.o(.ARM.Collect$$libinit$$00000000)
    __rt_lib_init_alloca_1                   0x080001e3   Thumb Code     0  libinit2.o(.ARM.Collect$$libinit$$0000002E)
    __rt_lib_init_argv_1                     0x080001e3   Thumb Code     0  libinit2.o(.ARM.Collect$$libinit$$0000002C)
    __rt_lib_init_atexit_1                   0x080001e3   Thumb Code     0  libinit2.o(.ARM.Collect$$libinit$$0000001B)
    __rt_lib_init_clock_1                    0x080001e3   Thumb Code     0  libinit2.o(.ARM.Collect$$libinit$$00000021)
    __rt_lib_init_cpp_1                      0x080001e3   Thumb Code     0  libinit2.o(.ARM.Collect$$libinit$$00000032)
    __rt_lib_init_exceptions_1               0x080001e3   Thumb Code     0  libinit2.o(.ARM.Collect$$libinit$$00000030)
    __rt_lib_init_fp_1                       0x080001e3   Thumb Code     0  libinit2.o(.ARM.Collect$$libinit$$00000002)
    __rt_lib_init_fp_trap_1                  0x080001e3   Thumb Code     0  libinit2.o(.ARM.Collect$$libinit$$0000001F)
    __rt_lib_init_getenv_1                   0x080001e3   Thumb Code     0  libinit2.o(.ARM.Collect$$libinit$$00000023)
    __rt_lib_init_heap_1                     0x080001e3   Thumb Code     0  libinit2.o(.ARM.Collect$$libinit$$0000000A)
    __rt_lib_init_lc_collate_1               0x080001e3   Thumb Code     0  libinit2.o(.ARM.Collect$$libinit$$00000011)
    __rt_lib_init_lc_ctype_1                 0x080001e3   Thumb Code     0  libinit2.o(.ARM.Collect$$libinit$$00000013)
    __rt_lib_init_lc_monetary_1              0x080001e3   Thumb Code     0  libinit2.o(.ARM.Collect$$libinit$$00000015)
    __rt_lib_init_lc_numeric_1               0x080001e3   Thumb Code     0  libinit2.o(.ARM.Collect$$libinit$$00000017)
    __rt_lib_init_lc_time_1                  0x080001e3   Thumb Code     0  libinit2.o(.ARM.Collect$$libinit$$00000019)
    __rt_lib_init_preinit_1                  0x080001e3   Thumb Code     0  libinit2.o(.ARM.Collect$$libinit$$00000004)
    __rt_lib_init_rand_1                     0x080001e3   Thumb Code     0  libinit2.o(.ARM.Collect$$libinit$$0000000E)
    __rt_lib_init_return                     0x080001e3   Thumb Code     0  libinit2.o(.ARM.Collect$$libinit$$00000033)
    __rt_lib_init_signal_1                   0x080001e3   Thumb Code     0  libinit2.o(.ARM.Collect$$libinit$$0000001D)
    __rt_lib_init_stdio_1                    0x080001e3   Thumb Code     0  libinit2.o(.ARM.Collect$$libinit$$00000025)
    __rt_lib_init_user_alloc_1               0x080001e3   Thumb Code     0  libinit2.o(.ARM.Collect$$libinit$$0000000C)
    __rt_lib_shutdown                        0x080001e5   Thumb Code     0  libshutdown.o(.ARM.Collect$$libshutdown$$00000000)
    __rt_lib_shutdown_cpp_1                  0x080001e7   Thumb Code     0  libshutdown2.o(.ARM.Collect$$libshutdown$$00000002)
    __rt_lib_shutdown_fp_trap_1              0x080001e7   Thumb Code     0  libshutdown2.o(.ARM.Collect$$libshutdown$$00000007)
    __rt_lib_shutdown_heap_1                 0x080001e7   Thumb Code     0  libshutdown2.o(.ARM.Collect$$libshutdown$$0000000F)
    __rt_lib_shutdown_return                 0x080001e7   Thumb Code     0  libshutdown2.o(.ARM.Collect$$libshutdown$$00000010)
    __rt_lib_shutdown_signal_1               0x080001e7   Thumb Code     0  libshutdown2.o(.ARM.Collect$$libshutdown$$0000000A)
    __rt_lib_shutdown_stdio_1                0x080001e7   Thumb Code     0  libshutdown2.o(.ARM.Collect$$libshutdown$$00000004)
    __rt_lib_shutdown_user_alloc_1           0x080001e7   Thumb Code     0  libshutdown2.o(.ARM.Collect$$libshutdown$$0000000C)
    __rt_entry                               0x080001e9   Thumb Code     0  __rtentry.o(.ARM.Collect$$rtentry$$00000000)
    __rt_entry_presh_1                       0x080001e9   Thumb Code     0  __rtentry2.o(.ARM.Collect$$rtentry$$00000002)
    __rt_entry_sh                            0x080001e9   Thumb Code     0  __rtentry4.o(.ARM.Collect$$rtentry$$00000004)
    __rt_entry_li                            0x080001ef   Thumb Code     0  __rtentry2.o(.ARM.Collect$$rtentry$$0000000A)
    __rt_entry_postsh_1                      0x080001ef   Thumb Code     0  __rtentry2.o(.ARM.Collect$$rtentry$$00000009)
    __rt_entry_main                          0x080001f3   Thumb Code     0  __rtentry2.o(.ARM.Collect$$rtentry$$0000000D)
    __rt_entry_postli_1                      0x080001f3   Thumb Code     0  __rtentry2.o(.ARM.Collect$$rtentry$$0000000C)
    __rt_exit                                0x080001fb   Thumb Code     0  rtexit.o(.ARM.Collect$$rtexit$$00000000)
    __rt_exit_ls                             0x080001fd   Thumb Code     0  rtexit2.o(.ARM.Collect$$rtexit$$00000003)
    __rt_exit_prels_1                        0x080001fd   Thumb Code     0  rtexit2.o(.ARM.Collect$$rtexit$$00000002)
    __rt_exit_exit                           0x08000201   Thumb Code     0  rtexit2.o(.ARM.Collect$$rtexit$$00000004)
    Reset_Handler                            0x08000209   Thumb Code     8  startup_gd32f1x0.o(.text)
    ADC1_CMP_IRQHandler                      0x08000223   Thumb Code     0  startup_gd32f1x0.o(.text)
    CEC_IRQHandler                           0x08000223   Thumb Code     0  startup_gd32f1x0.o(.text)
    DMA1_Channel1_IRQHandler                 0x08000223   Thumb Code     0  startup_gd32f1x0.o(.text)
    DMA1_Channel2_3_IRQHandler               0x08000223   Thumb Code     0  startup_gd32f1x0.o(.text)
    DMA1_Channel4_5_IRQHandler               0x08000223   Thumb Code     0  startup_gd32f1x0.o(.text)
    DMA1_Channel6_7_IRQHandler               0x08000223   Thumb Code     0  startup_gd32f1x0.o(.text)
    EXTI0_1_IRQHandler                       0x08000223   Thumb Code     0  startup_gd32f1x0.o(.text)
    EXTI2_3_IRQHandler                       0x08000223   Thumb Code     0  startup_gd32f1x0.o(.text)
    EXTI4_15_IRQHandler                      0x08000223   Thumb Code     0  startup_gd32f1x0.o(.text)
    FMC_IRQHandler                           0x08000223   Thumb Code     0  startup_gd32f1x0.o(.text)
    I2C1_ER_IRQHandler                       0x08000223   Thumb Code     0  startup_gd32f1x0.o(.text)
    I2C1_EV_IRQHandler                       0x08000223   Thumb Code     0  startup_gd32f1x0.o(.text)
    I2C2_ER_IRQHandler                       0x08000223   Thumb Code     0  startup_gd32f1x0.o(.text)
    I2C2_EV_IRQHandler                       0x08000223   Thumb Code     0  startup_gd32f1x0.o(.text)
    I2C3_ER_IRQHandler                       0x08000223   Thumb Code     0  startup_gd32f1x0.o(.text)
    I2C3_EV_IRQHandler                       0x08000223   Thumb Code     0  startup_gd32f1x0.o(.text)
    LVD_IRQHandler                           0x08000223   Thumb Code     0  startup_gd32f1x0.o(.text)
    RCC_IRQHandler                           0x08000223   Thumb Code     0  startup_gd32f1x0.o(.text)
    RTC_IRQHandler                           0x08000223   Thumb Code     0  startup_gd32f1x0.o(.text)
    SPI1_IRQHandler                          0x08000223   Thumb Code     0  startup_gd32f1x0.o(.text)
    SPI2_IRQHandler                          0x08000223   Thumb Code     0  startup_gd32f1x0.o(.text)
    SPI3_IRQHandler                          0x08000223   Thumb Code     0  startup_gd32f1x0.o(.text)
    TIM14_IRQHandler                         0x08000223   Thumb Code     0  startup_gd32f1x0.o(.text)
    TIM15_IRQHandler                         0x08000223   Thumb Code     0  startup_gd32f1x0.o(.text)
    TIM16_IRQHandler                         0x08000223   Thumb Code     0  startup_gd32f1x0.o(.text)
    TIM17_IRQHandler                         0x08000223   Thumb Code     0  startup_gd32f1x0.o(.text)
    TIM1_BRK_UP_TRG_COM_IRQHandler           0x08000223   Thumb Code     0  startup_gd32f1x0.o(.text)
    TIM1_CC_IRQHandler                       0x08000223   Thumb Code     0  startup_gd32f1x0.o(.text)
    TIM2_IRQHandler                          0x08000223   Thumb Code     0  startup_gd32f1x0.o(.text)
    TIM3_IRQHandler                          0x08000223   Thumb Code     0  startup_gd32f1x0.o(.text)
    TIM6_DAC_IRQHandler                      0x08000223   Thumb Code     0  startup_gd32f1x0.o(.text)
    TS_IRQHandler                            0x08000223   Thumb Code     0  startup_gd32f1x0.o(.text)
    USBWakeUp_IRQHandler                     0x08000223   Thumb Code     0  startup_gd32f1x0.o(.text)
    USB_HP_IRQHandler                        0x08000223   Thumb Code     0  startup_gd32f1x0.o(.text)
    USB_LP_IRQHandler                        0x08000223   Thumb Code     0  startup_gd32f1x0.o(.text)
    WWDG_IRQHandler                          0x08000223   Thumb Code     0  startup_gd32f1x0.o(.text)
    __user_initial_stackheap                 0x08000225   Thumb Code     0  startup_gd32f1x0.o(.text)
    __use_no_semihosting                     0x08000249   Thumb Code     2  use_no_semi_2.o(.text)
    __2printf                                0x0800024d   Thumb Code    20  noretval__2printf.o(.text)
    _printf_pre_padding                      0x08000265   Thumb Code    44  _printf_pad.o(.text)
    _printf_post_padding                     0x08000291   Thumb Code    34  _printf_pad.o(.text)
    _printf_int_dec                          0x080002b5   Thumb Code   104  _printf_dec.o(.text)
    _printf_int_hex                          0x0800032d   Thumb Code    84  _printf_hex_int.o(.text)
    _printf_longlong_hex                     0x0800032d   Thumb Code     0  _printf_hex_int.o(.text)
    __printf                                 0x08000385   Thumb Code   308  __printf_flags_wp.o(.text)
    __use_two_region_memory                  0x080004bd   Thumb Code     2  heapauxi.o(.text)
    __rt_heap_escrow$2region                 0x080004bf   Thumb Code     2  heapauxi.o(.text)
    __rt_heap_expand$2region                 0x080004c1   Thumb Code     2  heapauxi.o(.text)
    __I$use$semihosting                      0x080004c3   Thumb Code     0  use_no_semi.o(.text)
    __use_no_semihosting_swi                 0x080004c3   Thumb Code     2  use_no_semi.o(.text)
    _printf_int_common                       0x080004c5   Thumb Code   178  _printf_intcommon.o(.text)
    _printf_char_file                        0x08000579   Thumb Code    32  _printf_char_file.o(.text)
    _printf_char_common                      0x080005a7   Thumb Code    32  _printf_char_common.o(.text)
    ferror                                   0x080005cd   Thumb Code     8  ferror.o(.text)
    __user_setup_stackheap                   0x080005d5   Thumb Code    74  sys_stackheap_outer.o(.text)
    exit                                     0x0800061f   Thumb Code    18  exit.o(.text)
    __user_libspace                          0x08000631   Thumb Code     8  libspace.o(.text)
    __user_perproc_libspace                  0x08000631   Thumb Code     0  libspace.o(.text)
    __user_perthread_libspace                0x08000631   Thumb Code     0  libspace.o(.text)
    AUX_Init                                 0x08000639   Thumb Code    60  led.o(i.AUX_Init)
    AddStepChVol                             0x08000679   Thumb Code    44  funcapi.o(i.AddStepChVol)
    BusFault_Handler                         0x080006a9   Thumb Code     4  gd32f1x0_it.o(i.BusFault_Handler)
    CMD_Cmd_Add                              0x080006ad   Thumb Code    76  func485.o(i.CMD_Cmd_Add)
    CMD_Cmd_Addr_Change                      0x0800070d   Thumb Code   242  func485.o(i.CMD_Cmd_Addr_Change)
    CMD_Cmd_Addr_Start                       0x0800091d   Thumb Code    18  func485.o(i.CMD_Cmd_Addr_Start)
    CMD_Cmd_Adrr_Dirt                        0x08000949   Thumb Code    36  func485.o(i.CMD_Cmd_Adrr_Dirt)
    CMD_Cmd_Auto                             0x080009a1   Thumb Code    12  func485.o(i.CMD_Cmd_Auto)
    CMD_Cmd_Login                            0x080009c1   Thumb Code    46  func485.o(i.CMD_Cmd_Login)
    CMD_Cmd_Next                             0x08000a0d   Thumb Code    12  func485.o(i.CMD_Cmd_Next)
    CMD_Cmd_Play                             0x08000a29   Thumb Code    12  func485.o(i.CMD_Cmd_Play)
    CMD_Cmd_Prev                             0x08000a45   Thumb Code    12  func485.o(i.CMD_Cmd_Prev)
    CMD_Cmd_SetChann                         0x08000a61   Thumb Code    86  func485.o(i.CMD_Cmd_SetChann)
    CMD_Cmd_SetVol                           0x08000ad1   Thumb Code    98  func485.o(i.CMD_Cmd_SetVol)
    CMD_Cmd_Status_Query                     0x08000b4d   Thumb Code   284  func485.o(i.CMD_Cmd_Status_Query)
    CMD_Cmd_Stop                             0x08000ca1   Thumb Code    12  func485.o(i.CMD_Cmd_Stop)
    CMD_Cmd_Sub                              0x08000cbd   Thumb Code    76  func485.o(i.CMD_Cmd_Sub)
    CMD_Query_Ch1                            0x08000d1d   Thumb Code    68  func485.o(i.CMD_Query_Ch1)
    ChanSwitch                               0x08000d6d   Thumb Code   132  et2259.o(i.ChanSwitch)
    CheckFristTime                           0x08000df1   Thumb Code    58  uart3.o(i.CheckFristTime)
    Crc8CheckSum                             0x08000e41   Thumb Code    64  func485.o(i.Crc8CheckSum)
    DebugMon_Handler                         0x08000e81   Thumb Code     2  gd32f1x0_it.o(i.DebugMon_Handler)
    EC11_Init                                0x08000e85   Thumb Code    82  ec11.o(i.EC11_Init)
    ET1_Col                                  0x08000edd   Thumb Code   298  et62429.o(i.ET1_Col)
    ET2_Col                                  0x0800101d   Thumb Code   298  et62429.o(i.ET2_Col)
    ET3_Col                                  0x0800115d   Thumb Code   268  et62429.o(i.ET3_Col)
    ET4_Col                                  0x0800127d   Thumb Code   298  et62429.o(i.ET4_Col)
    FMC_ErasePage                            0x080013bd   Thumb Code    66  gd32f1x0_fmc.o(i.FMC_ErasePage)
    FMC_GetState                             0x08001405   Thumb Code    44  gd32f1x0_fmc.o(i.FMC_GetState)
    FMC_Lock                                 0x08001435   Thumb Code    14  gd32f1x0_fmc.o(i.FMC_Lock)
    FMC_ProgramWord                          0x08001449   Thumb Code    58  gd32f1x0_fmc.o(i.FMC_ProgramWord)
    FMC_Unlock                               0x08001489   Thumb Code    22  gd32f1x0_fmc.o(i.FMC_Unlock)
    FMC_WaitReady                            0x080014ad   Thumb Code    34  gd32f1x0_fmc.o(i.FMC_WaitReady)
    GPIO_Init                                0x080014cf   Thumb Code   134  gd32f1x0_gpio.o(i.GPIO_Init)
    GPIO_PinAFConfig                         0x08001555   Thumb Code    70  gd32f1x0_gpio.o(i.GPIO_PinAFConfig)
    GPIO_ResetBits                           0x0800159b   Thumb Code     4  gd32f1x0_gpio.o(i.GPIO_ResetBits)
    GPIO_SetBits                             0x0800159f   Thumb Code     4  gd32f1x0_gpio.o(i.GPIO_SetBits)
    GetLockCode                              0x080015a5   Thumb Code    42  func485.o(i.GetLockCode)
    HardFault_Handler                        0x080015d5   Thumb Code     4  gd32f1x0_it.o(i.HardFault_Handler)
    IIC_Init_1                               0x080015d9   Thumb Code    56  myiic.o(i.IIC_Init_1)
    IIC_Init_2                               0x08001615   Thumb Code    60  myiic.o(i.IIC_Init_2)
    IIC_Init_3                               0x08001655   Thumb Code    60  myiic.o(i.IIC_Init_3)
    IIC_Init_4                               0x08001695   Thumb Code    60  myiic.o(i.IIC_Init_4)
    LED_Init                                 0x080016d5   Thumb Code    64  led.o(i.LED_Init)
    LoadStart                                0x08001715   Thumb Code    94  func485.o(i.LoadStart)
    MemManage_Handler                        0x08001831   Thumb Code     4  gd32f1x0_it.o(i.MemManage_Handler)
    NMI_Handler                              0x08001835   Thumb Code     2  gd32f1x0_it.o(i.NMI_Handler)
    NVIC_Init                                0x08001839   Thumb Code   192  gd32f1x0_misc.o(i.NVIC_Init)
    NVIC_PRIGroup_Enable                     0x08001905   Thumb Code    10  gd32f1x0_misc.o(i.NVIC_PRIGroup_Enable)
    PE_PA_Init                               0x08001919   Thumb Code    60  et2259.o(i.PE_PA_Init)
    PendSV_Handler                           0x08001955   Thumb Code     2  gd32f1x0_it.o(i.PendSV_Handler)
    RCC_AHBPeriphClock_Enable                0x08001959   Thumb Code    26  gd32f1x0_rcc.o(i.RCC_AHBPeriphClock_Enable)
    RCC_APB1PeriphClock_Enable               0x08001979   Thumb Code    26  gd32f1x0_rcc.o(i.RCC_APB1PeriphClock_Enable)
    RCC_APB2PeriphClock_Enable               0x08001999   Thumb Code    26  gd32f1x0_rcc.o(i.RCC_APB2PeriphClock_Enable)
    RCC_GetClocksFreq                        0x080019b9   Thumb Code   362  gd32f1x0_rcc.o(i.RCC_GetClocksFreq)
    RecvOneProData                           0x08001b3d   Thumb Code   208  func485.o(i.RecvOneProData)
    Reply485                                 0x08001c81   Thumb Code   166  func485.o(i.Reply485)
    S400DataSave                             0x08001d4d   Thumb Code   100  datasave.o(i.S400DataSave)
    S400ReadFromFlash                        0x08001dc5   Thumb Code    76  datasave.o(i.S400ReadFromFlash)
    SVC_Handler                              0x08001e25   Thumb Code     2  gd32f1x0_it.o(i.SVC_Handler)
    SendDataTo485                            0x08001e29   Thumb Code    74  uart3.o(i.SendDataTo485)
    SetChOnOff                               0x08001e7d   Thumb Code    56  funcapi.o(i.SetChOnOff)
    SetChVol                                 0x08001ecd   Thumb Code   194  funcapi.o(i.SetChVol)
    SubStepChVol                             0x08002045   Thumb Code    44  funcapi.o(i.SubStepChVol)
    SysTick_CKSource_Enable                  0x08002075   Thumb Code    40  gd32f1x0_misc.o(i.SysTick_CKSource_Enable)
    SysTick_Handler                          0x0800209d   Thumb Code     2  gd32f1x0_it.o(i.SysTick_Handler)
    System_Init                              0x080020a1   Thumb Code   104  system_gd32f1x0.o(i.System_Init)
    USART1_IRQHandler                        0x08002119   Thumb Code   120  usart.o(i.USART1_IRQHandler)
    USART2_IRQHandler                        0x080021a1   Thumb Code    94  uart3.o(i.USART2_IRQHandler)
    USART_ClearIntBitState                   0x08002219   Thumb Code    18  gd32f1x0_usart.o(i.USART_ClearIntBitState)
    USART_DataReceive                        0x0800222b   Thumb Code    10  gd32f1x0_usart.o(i.USART_DataReceive)
    USART_DataSend                           0x08002235   Thumb Code     8  gd32f1x0_usart.o(i.USART_DataSend)
    USART_Enable                             0x0800223d   Thumb Code    22  gd32f1x0_usart.o(i.USART_Enable)
    USART_GetIntBitState                     0x08002253   Thumb Code    72  gd32f1x0_usart.o(i.USART_GetIntBitState)
    USART_INT_Set                            0x0800229b   Thumb Code    60  gd32f1x0_usart.o(i.USART_INT_Set)
    USART_Init                               0x080022d9   Thumb Code   184  gd32f1x0_usart.o(i.USART_Init)
    Uart485_Init                             0x08002395   Thumb Code   212  uart3.o(i.Uart485_Init)
    UsageFault_Handler                       0x08002475   Thumb Code     4  gd32f1x0_it.o(i.UsageFault_Handler)
    Volume1_Write                            0x08002479   Thumb Code    14  et2259.o(i.Volume1_Write)
    Volume2_Write                            0x08002487   Thumb Code    14  et2259.o(i.Volume2_Write)
    Volume3_Write                            0x08002495   Thumb Code    14  et2259.o(i.Volume3_Write)
    Volume4_Write                            0x080024a3   Thumb Code    14  et2259.o(i.Volume4_Write)
    _is_digit                                0x080024b1   Thumb Code    14  __printf_wp.o(i._is_digit)
    _sys_exit                                0x080024bf   Thumb Code     6  usart.o(i._sys_exit)
    delay_init                               0x080024c5   Thumb Code    52  delay.o(i.delay_init)
    delay_ms                                 0x08002501   Thumb Code    72  delay.o(i.delay_ms)
    delay_us                                 0x0800254d   Thumb Code    72  delay.o(i.delay_us)
    fputc                                    0x08002599   Thumb Code    24  usart.o(i.fputc)
    main                                     0x080025b5   Thumb Code   114  main.o(i.main)
    process485                               0x08002631   Thumb Code   250  func485.o(i.process485)
    uart_init                                0x0800276d   Thumb Code   152  usart.o(i.uart_init)
    __aeabi_dadd                             0x08002811   Thumb Code     0  daddsub_clz.o(x$fpl$dadd)
    _dadd                                    0x08002811   Thumb Code   332  daddsub_clz.o(x$fpl$dadd)
    __aeabi_ddiv                             0x08002961   Thumb Code     0  ddiv.o(x$fpl$ddiv)
    _ddiv                                    0x08002961   Thumb Code   552  ddiv.o(x$fpl$ddiv)
    __aeabi_d2uiz                            0x08002c11   Thumb Code     0  dfixu.o(x$fpl$dfixu)
    _dfixu                                   0x08002c11   Thumb Code    90  dfixu.o(x$fpl$dfixu)
    __aeabi_dmul                             0x08002c6d   Thumb Code     0  dmul.o(x$fpl$dmul)
    _dmul                                    0x08002c6d   Thumb Code   332  dmul.o(x$fpl$dmul)
    __fpl_dnaninf                            0x08002dc1   Thumb Code   156  dnaninf.o(x$fpl$dnaninf)
    __fpl_dretinf                            0x08002e5d   Thumb Code    12  dretinf.o(x$fpl$dretinf)
    __aeabi_drsub                            0x08002e69   Thumb Code     0  daddsub_clz.o(x$fpl$drsb)
    _drsb                                    0x08002e69   Thumb Code    22  daddsub_clz.o(x$fpl$drsb)
    __aeabi_dsub                             0x08002e81   Thumb Code     0  daddsub_clz.o(x$fpl$dsub)
    _dsub                                    0x08002e81   Thumb Code   464  daddsub_clz.o(x$fpl$dsub)
    __aeabi_f2d                              0x08003055   Thumb Code     0  f2d.o(x$fpl$f2d)
    _f2d                                     0x08003055   Thumb Code    86  f2d.o(x$fpl$f2d)
    __aeabi_ui2f                             0x080030ad   Thumb Code     0  fflt_clz.o(x$fpl$ffltu)
    _ffltu                                   0x080030ad   Thumb Code    38  fflt_clz.o(x$fpl$ffltu)
    __fpl_fnaninf                            0x080030d3   Thumb Code   140  fnaninf.o(x$fpl$fnaninf)
    __I$use$fp                               0x0800315e   Number         0  usenofp.o(x$fpl$usenofp)
    Region$$Table$$Base                      0x08003198   Number         0  anon$$obj.o(Region$$Table)
    Region$$Table$$Limit                     0x080031b8   Number         0  anon$$obj.o(Region$$Table)
    __stdout                                 0x20000004   Data           4  usart.o(.data)
    USART_RX_STA                             0x20000008   Data           2  usart.o(.data)
    Cmd_485                                  0x20000024   Data           1  func485.o(.data)
    systemset                                0x20000025   Data           8  func485.o(.data)
    Flg_Start_Addr                           0x2000002d   Data           1  func485.o(.data)
    CMD_Buff_Ch1                             0x20000030   Data         120  func485.o(.data)
    VirtAddVarTab                            0x200000a8   Data           6  func485.o(.data)
    EndAddr                                  0x200000b0   Data           4  func485.o(.data)
    my_unTemp16                              0x200000b4   Data           4  func485.o(.data)
    ChSta                                    0x200000bd   Data           4  funcapi.o(.data)
    Volume                                   0x200000c1   Data           4  funcapi.o(.data)
    CmdRsvOk                                 0x200000c5   Data           1  uart3.o(.data)
    DataLen                                  0x200000c6   Data           1  uart3.o(.data)
    USART_RX_BUF                             0x200000cc   Data         200  usart.o(.bss)
    Uart485RSV                               0x20000194   Data         263  uart3.o(.bss)
    __libspace_start                         0x2000029c   Data          96  libspace.o(.bss)
    __temporary_stack_top$libspace           0x200002fc   Data           0  libspace.o(.bss)



==============================================================================

Memory Map of the image

  Image Entry point : 0x0800015d

  Load Region LR_IROM1 (Base: 0x08000000, Size: 0x00003284, Max: 0x00008000, ABSOLUTE)

    Execution Region ER_IROM1 (Base: 0x08000000, Size: 0x000031b8, Max: 0x00008000, ABSOLUTE)

    Base Addr    Size         Type   Attr      Idx    E Section Name        Object

    0x08000000   0x0000015a   Data   RO         2377    RESET               startup_gd32f1x0.o
    0x0800015a   0x00000002   PAD
    0x0800015c   0x00000008   Code   RO         2679  * !!!main             c_w.l(__main.o)
    0x08000164   0x00000034   Code   RO         2878    !!!scatter          c_w.l(__scatter.o)
    0x08000198   0x0000001a   Code   RO         2880    !!handler_copy      c_w.l(__scatter_copy.o)
    0x080001b2   0x00000002   PAD
    0x080001b4   0x0000001c   Code   RO         2882    !!handler_zi        c_w.l(__scatter_zi.o)
    0x080001d0   0x00000000   Code   RO         2676    .ARM.Collect$$_printf_percent$$00000000  c_w.l(_printf_percent.o)
    0x080001d0   0x00000006   Code   RO         2675    .ARM.Collect$$_printf_percent$$00000009  c_w.l(_printf_d.o)
    0x080001d6   0x00000006   Code   RO         2674    .ARM.Collect$$_printf_percent$$0000000C  c_w.l(_printf_x.o)
    0x080001dc   0x00000004   Code   RO         2712    .ARM.Collect$$_printf_percent$$00000017  c_w.l(_printf_percent_end.o)
    0x080001e0   0x00000002   Code   RO         2752    .ARM.Collect$$libinit$$00000000  c_w.l(libinit.o)
    0x080001e2   0x00000000   Code   RO         2759    .ARM.Collect$$libinit$$00000002  c_w.l(libinit2.o)
    0x080001e2   0x00000000   Code   RO         2761    .ARM.Collect$$libinit$$00000004  c_w.l(libinit2.o)
    0x080001e2   0x00000000   Code   RO         2764    .ARM.Collect$$libinit$$0000000A  c_w.l(libinit2.o)
    0x080001e2   0x00000000   Code   RO         2766    .ARM.Collect$$libinit$$0000000C  c_w.l(libinit2.o)
    0x080001e2   0x00000000   Code   RO         2768    .ARM.Collect$$libinit$$0000000E  c_w.l(libinit2.o)
    0x080001e2   0x00000000   Code   RO         2771    .ARM.Collect$$libinit$$00000011  c_w.l(libinit2.o)
    0x080001e2   0x00000000   Code   RO         2773    .ARM.Collect$$libinit$$00000013  c_w.l(libinit2.o)
    0x080001e2   0x00000000   Code   RO         2775    .ARM.Collect$$libinit$$00000015  c_w.l(libinit2.o)
    0x080001e2   0x00000000   Code   RO         2777    .ARM.Collect$$libinit$$00000017  c_w.l(libinit2.o)
    0x080001e2   0x00000000   Code   RO         2779    .ARM.Collect$$libinit$$00000019  c_w.l(libinit2.o)
    0x080001e2   0x00000000   Code   RO         2781    .ARM.Collect$$libinit$$0000001B  c_w.l(libinit2.o)
    0x080001e2   0x00000000   Code   RO         2783    .ARM.Collect$$libinit$$0000001D  c_w.l(libinit2.o)
    0x080001e2   0x00000000   Code   RO         2785    .ARM.Collect$$libinit$$0000001F  c_w.l(libinit2.o)
    0x080001e2   0x00000000   Code   RO         2787    .ARM.Collect$$libinit$$00000021  c_w.l(libinit2.o)
    0x080001e2   0x00000000   Code   RO         2789    .ARM.Collect$$libinit$$00000023  c_w.l(libinit2.o)
    0x080001e2   0x00000000   Code   RO         2791    .ARM.Collect$$libinit$$00000025  c_w.l(libinit2.o)
    0x080001e2   0x00000000   Code   RO         2795    .ARM.Collect$$libinit$$0000002C  c_w.l(libinit2.o)
    0x080001e2   0x00000000   Code   RO         2797    .ARM.Collect$$libinit$$0000002E  c_w.l(libinit2.o)
    0x080001e2   0x00000000   Code   RO         2799    .ARM.Collect$$libinit$$00000030  c_w.l(libinit2.o)
    0x080001e2   0x00000000   Code   RO         2801    .ARM.Collect$$libinit$$00000032  c_w.l(libinit2.o)
    0x080001e2   0x00000002   Code   RO         2802    .ARM.Collect$$libinit$$00000033  c_w.l(libinit2.o)
    0x080001e4   0x00000002   Code   RO         2820    .ARM.Collect$$libshutdown$$00000000  c_w.l(libshutdown.o)
    0x080001e6   0x00000000   Code   RO         2830    .ARM.Collect$$libshutdown$$00000002  c_w.l(libshutdown2.o)
    0x080001e6   0x00000000   Code   RO         2832    .ARM.Collect$$libshutdown$$00000004  c_w.l(libshutdown2.o)
    0x080001e6   0x00000000   Code   RO         2835    .ARM.Collect$$libshutdown$$00000007  c_w.l(libshutdown2.o)
    0x080001e6   0x00000000   Code   RO         2838    .ARM.Collect$$libshutdown$$0000000A  c_w.l(libshutdown2.o)
    0x080001e6   0x00000000   Code   RO         2840    .ARM.Collect$$libshutdown$$0000000C  c_w.l(libshutdown2.o)
    0x080001e6   0x00000000   Code   RO         2843    .ARM.Collect$$libshutdown$$0000000F  c_w.l(libshutdown2.o)
    0x080001e6   0x00000002   Code   RO         2844    .ARM.Collect$$libshutdown$$00000010  c_w.l(libshutdown2.o)
    0x080001e8   0x00000000   Code   RO         2707    .ARM.Collect$$rtentry$$00000000  c_w.l(__rtentry.o)
    0x080001e8   0x00000000   Code   RO         2721    .ARM.Collect$$rtentry$$00000002  c_w.l(__rtentry2.o)
    0x080001e8   0x00000006   Code   RO         2733    .ARM.Collect$$rtentry$$00000004  c_w.l(__rtentry4.o)
    0x080001ee   0x00000000   Code   RO         2723    .ARM.Collect$$rtentry$$00000009  c_w.l(__rtentry2.o)
    0x080001ee   0x00000004   Code   RO         2724    .ARM.Collect$$rtentry$$0000000A  c_w.l(__rtentry2.o)
    0x080001f2   0x00000000   Code   RO         2726    .ARM.Collect$$rtentry$$0000000C  c_w.l(__rtentry2.o)
    0x080001f2   0x00000008   Code   RO         2727    .ARM.Collect$$rtentry$$0000000D  c_w.l(__rtentry2.o)
    0x080001fa   0x00000002   Code   RO         2756    .ARM.Collect$$rtexit$$00000000  c_w.l(rtexit.o)
    0x080001fc   0x00000000   Code   RO         2804    .ARM.Collect$$rtexit$$00000002  c_w.l(rtexit2.o)
    0x080001fc   0x00000004   Code   RO         2805    .ARM.Collect$$rtexit$$00000003  c_w.l(rtexit2.o)
    0x08000200   0x00000006   Code   RO         2806    .ARM.Collect$$rtexit$$00000004  c_w.l(rtexit2.o)
    0x08000206   0x00000002   PAD
    0x08000208   0x00000040   Code   RO         2378    .text               startup_gd32f1x0.o
    0x08000248   0x00000002   Code   RO         2621    .text               c_w.l(use_no_semi_2.o)
    0x0800024a   0x00000002   PAD
    0x0800024c   0x00000018   Code   RO         2625    .text               c_w.l(noretval__2printf.o)
    0x08000264   0x0000004e   Code   RO         2629    .text               c_w.l(_printf_pad.o)
    0x080002b2   0x00000002   PAD
    0x080002b4   0x00000078   Code   RO         2631    .text               c_w.l(_printf_dec.o)
    0x0800032c   0x00000058   Code   RO         2636    .text               c_w.l(_printf_hex_int.o)
    0x08000384   0x00000138   Code   RO         2666    .text               c_w.l(__printf_flags_wp.o)
    0x080004bc   0x00000006   Code   RO         2677    .text               c_w.l(heapauxi.o)
    0x080004c2   0x00000002   Code   RO         2705    .text               c_w.l(use_no_semi.o)
    0x080004c4   0x000000b2   Code   RO         2708    .text               c_w.l(_printf_intcommon.o)
    0x08000576   0x00000002   PAD
    0x08000578   0x00000024   Code   RO         2710    .text               c_w.l(_printf_char_file.o)
    0x0800059c   0x00000030   Code   RO         2735    .text               c_w.l(_printf_char_common.o)
    0x080005cc   0x00000008   Code   RO         2737    .text               c_w.l(ferror.o)
    0x080005d4   0x0000004a   Code   RO         2741    .text               c_w.l(sys_stackheap_outer.o)
    0x0800061e   0x00000012   Code   RO         2745    .text               c_w.l(exit.o)
    0x08000630   0x00000008   Code   RO         2753    .text               c_w.l(libspace.o)
    0x08000638   0x00000040   Code   RO          183    i.AUX_Init          led.o
    0x08000678   0x00000030   Code   RO         2521    i.AddStepChVol      funcapi.o
    0x080006a8   0x00000004   Code   RO            1    i.BusFault_Handler  gd32f1x0_it.o
    0x080006ac   0x00000060   Code   RO         2382    i.CMD_Cmd_Add       func485.o
    0x0800070c   0x00000210   Code   RO         2383    i.CMD_Cmd_Addr_Change  func485.o
    0x0800091c   0x0000002c   Code   RO         2384    i.CMD_Cmd_Addr_Start  func485.o
    0x08000948   0x00000058   Code   RO         2385    i.CMD_Cmd_Adrr_Dirt  func485.o
    0x080009a0   0x00000020   Code   RO         2386    i.CMD_Cmd_Auto      func485.o
    0x080009c0   0x0000004c   Code   RO         2387    i.CMD_Cmd_Login     func485.o
    0x08000a0c   0x0000001c   Code   RO         2388    i.CMD_Cmd_Next      func485.o
    0x08000a28   0x0000001c   Code   RO         2389    i.CMD_Cmd_Play      func485.o
    0x08000a44   0x0000001c   Code   RO         2390    i.CMD_Cmd_Prev      func485.o
    0x08000a60   0x00000070   Code   RO         2391    i.CMD_Cmd_SetChann  func485.o
    0x08000ad0   0x0000007c   Code   RO         2392    i.CMD_Cmd_SetVol    func485.o
    0x08000b4c   0x00000154   Code   RO         2393    i.CMD_Cmd_Status_Query  func485.o
    0x08000ca0   0x0000001c   Code   RO         2394    i.CMD_Cmd_Stop      func485.o
    0x08000cbc   0x00000060   Code   RO         2395    i.CMD_Cmd_Sub       func485.o
    0x08000d1c   0x00000050   Code   RO         2396    i.CMD_Query_Ch1     func485.o
    0x08000d6c   0x00000084   Code   RO          242    i.ChanSwitch        et2259.o
    0x08000df0   0x00000050   Code   RO         2563    i.CheckFristTime    uart3.o
    0x08000e40   0x00000040   Code   RO         2397    i.Crc8CheckSum      func485.o
    0x08000e80   0x00000002   Code   RO            2    i.DebugMon_Handler  gd32f1x0_it.o
    0x08000e82   0x00000002   PAD
    0x08000e84   0x00000058   Code   RO          209    i.EC11_Init         ec11.o
    0x08000edc   0x00000140   Code   RO          535    i.ET1_Col           et62429.o
    0x0800101c   0x00000140   Code   RO          536    i.ET2_Col           et62429.o
    0x0800115c   0x00000120   Code   RO          537    i.ET3_Col           et62429.o
    0x0800127c   0x00000140   Code   RO          538    i.ET4_Col           et62429.o
    0x080013bc   0x00000048   Code   RO         2220    i.FMC_ErasePage     gd32f1x0_fmc.o
    0x08001404   0x00000030   Code   RO         2222    i.FMC_GetState      gd32f1x0_fmc.o
    0x08001434   0x00000014   Code   RO         2224    i.FMC_Lock          gd32f1x0_fmc.o
    0x08001448   0x00000040   Code   RO         2241    i.FMC_ProgramWord   gd32f1x0_fmc.o
    0x08001488   0x00000024   Code   RO         2242    i.FMC_Unlock        gd32f1x0_fmc.o
    0x080014ac   0x00000022   Code   RO         2243    i.FMC_WaitReady     gd32f1x0_fmc.o
    0x080014ce   0x00000086   Code   RO          802    i.GPIO_Init         gd32f1x0_gpio.o
    0x08001554   0x00000046   Code   RO          804    i.GPIO_PinAFConfig  gd32f1x0_gpio.o
    0x0800159a   0x00000004   Code   RO          810    i.GPIO_ResetBits    gd32f1x0_gpio.o
    0x0800159e   0x00000004   Code   RO          811    i.GPIO_SetBits      gd32f1x0_gpio.o
    0x080015a2   0x00000002   PAD
    0x080015a4   0x00000030   Code   RO         2398    i.GetLockCode       func485.o
    0x080015d4   0x00000004   Code   RO            3    i.HardFault_Handler  gd32f1x0_it.o
    0x080015d8   0x0000003c   Code   RO          341    i.IIC_Init_1        myiic.o
    0x08001614   0x00000040   Code   RO          342    i.IIC_Init_2        myiic.o
    0x08001654   0x00000040   Code   RO          343    i.IIC_Init_3        myiic.o
    0x08001694   0x00000040   Code   RO          344    i.IIC_Init_4        myiic.o
    0x080016d4   0x00000040   Code   RO          184    i.LED_Init          led.o
    0x08001714   0x0000011c   Code   RO         2399    i.LoadStart         func485.o
    0x08001830   0x00000004   Code   RO            4    i.MemManage_Handler  gd32f1x0_it.o
    0x08001834   0x00000002   Code   RO            5    i.NMI_Handler       gd32f1x0_it.o
    0x08001836   0x00000002   PAD
    0x08001838   0x000000cc   Code   RO          885    i.NVIC_Init         gd32f1x0_misc.o
    0x08001904   0x00000014   Code   RO          886    i.NVIC_PRIGroup_Enable  gd32f1x0_misc.o
    0x08001918   0x0000003c   Code   RO          243    i.PE_PA_Init        et2259.o
    0x08001954   0x00000002   Code   RO            6    i.PendSV_Handler    gd32f1x0_it.o
    0x08001956   0x00000002   PAD
    0x08001958   0x00000020   Code   RO          924    i.RCC_AHBPeriphClock_Enable  gd32f1x0_rcc.o
    0x08001978   0x00000020   Code   RO          927    i.RCC_APB1PeriphClock_Enable  gd32f1x0_rcc.o
    0x08001998   0x00000020   Code   RO          930    i.RCC_APB2PeriphClock_Enable  gd32f1x0_rcc.o
    0x080019b8   0x00000184   Code   RO          944    i.RCC_GetClocksFreq  gd32f1x0_rcc.o
    0x08001b3c   0x00000144   Code   RO         2400    i.RecvOneProData    func485.o
    0x08001c80   0x000000cc   Code   RO         2401    i.Reply485          func485.o
    0x08001d4c   0x00000078   Code   RO         2597    i.S400DataSave      datasave.o
    0x08001dc4   0x00000060   Code   RO         2598    i.S400ReadFromFlash  datasave.o
    0x08001e24   0x00000002   Code   RO            7    i.SVC_Handler       gd32f1x0_it.o
    0x08001e26   0x00000002   PAD
    0x08001e28   0x00000054   Code   RO         2564    i.SendDataTo485     uart3.o
    0x08001e7c   0x00000050   Code   RO         2522    i.SetChOnOff        funcapi.o
    0x08001ecc   0x000000ec   Code   RO         2523    i.SetChVol          funcapi.o
    0x08001fb8   0x00000084   Code   RO          653    i.SetSysClockTo72HSI  system_gd32f1x0.o
    0x0800203c   0x00000008   Code   RO          654    i.Set_SysClock      system_gd32f1x0.o
    0x08002044   0x00000030   Code   RO         2525    i.SubStepChVol      funcapi.o
    0x08002074   0x00000028   Code   RO          889    i.SysTick_CKSource_Enable  gd32f1x0_misc.o
    0x0800209c   0x00000002   Code   RO            8    i.SysTick_Handler   gd32f1x0_it.o
    0x0800209e   0x00000002   PAD
    0x080020a0   0x00000078   Code   RO          656    i.System_Init       system_gd32f1x0.o
    0x08002118   0x00000088   Code   RO          602    i.USART1_IRQHandler  usart.o
    0x080021a0   0x00000078   Code   RO         2565    i.USART2_IRQHandler  uart3.o
    0x08002218   0x00000012   Code   RO         1926    i.USART_ClearIntBitState  gd32f1x0_usart.o
    0x0800222a   0x0000000a   Code   RO         1937    i.USART_DataReceive  gd32f1x0_usart.o
    0x08002234   0x00000008   Code   RO         1938    i.USART_DataSend    gd32f1x0_usart.o
    0x0800223c   0x00000016   Code   RO         1941    i.USART_Enable      gd32f1x0_usart.o
    0x08002252   0x00000048   Code   RO         1943    i.USART_GetIntBitState  gd32f1x0_usart.o
    0x0800229a   0x0000003c   Code   RO         1946    i.USART_INT_Set     gd32f1x0_usart.o
    0x080022d6   0x00000002   PAD
    0x080022d8   0x000000bc   Code   RO         1947    i.USART_Init        gd32f1x0_usart.o
    0x08002394   0x000000e0   Code   RO         2566    i.Uart485_Init      uart3.o
    0x08002474   0x00000004   Code   RO            9    i.UsageFault_Handler  gd32f1x0_it.o
    0x08002478   0x0000000e   Code   RO          244    i.Volume1_Write     et2259.o
    0x08002486   0x0000000e   Code   RO          245    i.Volume2_Write     et2259.o
    0x08002494   0x0000000e   Code   RO          246    i.Volume3_Write     et2259.o
    0x080024a2   0x0000000e   Code   RO          247    i.Volume4_Write     et2259.o
    0x080024b0   0x0000000e   Code   RO         2664    i._is_digit         c_w.l(__printf_wp.o)
    0x080024be   0x00000006   Code   RO          603    i._sys_exit         usart.o
    0x080024c4   0x0000003c   Code   RO          576    i.delay_init        delay.o
    0x08002500   0x0000004c   Code   RO          577    i.delay_ms          delay.o
    0x0800254c   0x0000004c   Code   RO          578    i.delay_us          delay.o
    0x08002598   0x0000001c   Code   RO          604    i.fputc             usart.o
    0x080025b4   0x0000007c   Code   RO          123    i.main              main.o
    0x08002630   0x0000013c   Code   RO         2402    i.process485        func485.o
    0x0800276c   0x000000a4   Code   RO          605    i.uart_init         usart.o
    0x08002810   0x00000150   Code   RO         2681    x$fpl$dadd          fz_ws.l(daddsub_clz.o)
    0x08002960   0x000002b0   Code   RO         2688    x$fpl$ddiv          fz_ws.l(ddiv.o)
    0x08002c10   0x0000005a   Code   RO         2691    x$fpl$dfixu         fz_ws.l(dfixu.o)
    0x08002c6a   0x00000002   PAD
    0x08002c6c   0x00000154   Code   RO         2695    x$fpl$dmul          fz_ws.l(dmul.o)
    0x08002dc0   0x0000009c   Code   RO         2713    x$fpl$dnaninf       fz_ws.l(dnaninf.o)
    0x08002e5c   0x0000000c   Code   RO         2715    x$fpl$dretinf       fz_ws.l(dretinf.o)
    0x08002e68   0x00000016   Code   RO         2682    x$fpl$drsb          fz_ws.l(daddsub_clz.o)
    0x08002e7e   0x00000002   PAD
    0x08002e80   0x000001d4   Code   RO         2683    x$fpl$dsub          fz_ws.l(daddsub_clz.o)
    0x08003054   0x00000056   Code   RO         2697    x$fpl$f2d           fz_ws.l(f2d.o)
    0x080030aa   0x00000002   PAD
    0x080030ac   0x00000026   Code   RO         2699    x$fpl$ffltu         fz_ws.l(fflt_clz.o)
    0x080030d2   0x0000008c   Code   RO         2717    x$fpl$fnaninf       fz_ws.l(fnaninf.o)
    0x0800315e   0x00000000   Code   RO         2719    x$fpl$usenofp       fz_ws.l(usenofp.o)
    0x0800315e   0x00000028   Data   RO         2637    .constdata          c_w.l(_printf_hex_int.o)
    0x08003186   0x00000011   Data   RO         2667    .constdata          c_w.l(__printf_flags_wp.o)
    0x08003197   0x00000001   PAD
    0x08003198   0x00000020   Data   RO         2876    Region$$Table       anon$$obj.o


    Execution Region RW_IRAM1 (Base: 0x20000000, Size: 0x00000b00, Max: 0x00001000, ABSOLUTE)

    Base Addr    Size         Type   Attr      Idx    E Section Name        Object

    0x20000000   0x00000004   Data   RW          579    .data               delay.o
    0x20000004   0x00000006   Data   RW          607    .data               usart.o
    0x2000000a   0x00000018   Data   RW          965    .data               gd32f1x0_rcc.o
    0x20000022   0x00000002   PAD
    0x20000024   0x00000099   Data   RW         2403    .data               func485.o
    0x200000bd   0x00000008   Data   RW         2526    .data               funcapi.o
    0x200000c5   0x00000004   Data   RW         2568    .data               uart3.o
    0x200000c9   0x00000003   PAD
    0x200000cc   0x000000c8   Zero   RW          606    .bss                usart.o
    0x20000194   0x00000107   Zero   RW         2567    .bss                uart3.o
    0x2000029b   0x00000001   PAD
    0x2000029c   0x00000060   Zero   RW         2754    .bss                c_w.l(libspace.o)
    0x200002fc   0x00000004   PAD
    0x20000300   0x00000400   Zero   RW         2376    HEAP                startup_gd32f1x0.o
    0x20000700   0x00000400   Zero   RW         2375    STACK               startup_gd32f1x0.o


==============================================================================

Image component sizes


      Code (inc. data)   RO Data    RW Data    ZI Data      Debug   Object Name

       216         40          0          0          0       1091   datasave.o
       212         16          0          4          0       1679   delay.o
        88          6          0          0          0        496   ec11.o
       248          0          0          0          0       3162   et2259.o
      1248         86          0          0          0       3024   et62429.o
      2968       1054          0        153          0      13115   func485.o
       412         74          0          8          0       3121   funcapi.o
       274         36          0          0          0       3229   gd32f1x0_fmc.o
       212          0          0          0          0       2707   gd32f1x0_gpio.o
        26          0          0          0          0     141166   gd32f1x0_it.o
       264         22          0          0          0       2121   gd32f1x0_misc.o
       484         44          0         24          0       4194   gd32f1x0_rcc.o
       378          4          0          0          0       5113   gd32f1x0_usart.o
       128          4          0          0          0        938   led.o
       124         10          0          0          0       1927   main.o
       252         16          0          0          0       1940   myiic.o
        64         26        346          0       2048        792   startup_gd32f1x0.o
         0          0          0          0          0         32   sys.o
       260         30          0          0          0       2186   system_gd32f1x0.o
       508         70          0          4        263       2886   uart3.o
       334         32          0          6        200       3996   usart.o

    ----------------------------------------------------------------------
      8714       1570        380        204       2512     198915   Object Totals
         0          0         32          0          0          0   (incl. Generated)
        14          0          2          5          1          0   (incl. Padding)

    ----------------------------------------------------------------------

      Code (inc. data)   RO Data    RW Data    ZI Data      Debug   Library Member Name

         8          0          0          0          0         68   __main.o
       312          4         17          0          0         92   __printf_flags_wp.o
        14          0          0          0          0         68   __printf_wp.o
         0          0          0          0          0          0   __rtentry.o
        12          0          0          0          0          0   __rtentry2.o
         6          0          0          0          0          0   __rtentry4.o
        52          8          0          0          0          0   __scatter.o
        26          0          0          0          0          0   __scatter_copy.o
        28          0          0          0          0          0   __scatter_zi.o
        48          6          0          0          0         96   _printf_char_common.o
        36          4          0          0          0         80   _printf_char_file.o
         6          0          0          0          0          0   _printf_d.o
       120         16          0          0          0         92   _printf_dec.o
        88          4         40          0          0         88   _printf_hex_int.o
       178          0          0          0          0         88   _printf_intcommon.o
        78          0          0          0          0        108   _printf_pad.o
         0          0          0          0          0          0   _printf_percent.o
         4          0          0          0          0          0   _printf_percent_end.o
         6          0          0          0          0          0   _printf_x.o
        18          0          0          0          0         80   exit.o
         8          0          0          0          0         68   ferror.o
         6          0          0          0          0        152   heapauxi.o
         2          0          0          0          0          0   libinit.o
         2          0          0          0          0          0   libinit2.o
         2          0          0          0          0          0   libshutdown.o
         2          0          0          0          0          0   libshutdown2.o
         8          4          0          0         96         68   libspace.o
        24          4          0          0          0         84   noretval__2printf.o
         2          0          0          0          0          0   rtexit.o
        10          0          0          0          0          0   rtexit2.o
        74          0          0          0          0         80   sys_stackheap_outer.o
         2          0          0          0          0         68   use_no_semi.o
         2          0          0          0          0         68   use_no_semi_2.o
       826         16          0          0          0        348   daddsub_clz.o
       688        140          0          0          0        208   ddiv.o
        90          4          0          0          0         92   dfixu.o
       340         12          0          0          0        104   dmul.o
       156          4          0          0          0         92   dnaninf.o
        12          0          0          0          0         68   dretinf.o
        86          4          0          0          0         84   f2d.o
        38          0          0          0          0         68   fflt_clz.o
       140          4          0          0          0         84   fnaninf.o
         0          0          0          0          0          0   usenofp.o

    ----------------------------------------------------------------------
      3576        234         58          0        100       2596   Library Totals
        16          0          1          0          4          0   (incl. Padding)

    ----------------------------------------------------------------------

      Code (inc. data)   RO Data    RW Data    ZI Data      Debug   Library Name

      1184         50         57          0         96       1448   c_w.l
      2376        184          0          0          0       1148   fz_ws.l

    ----------------------------------------------------------------------
      3576        234         58          0        100       2596   Library Totals

    ----------------------------------------------------------------------

==============================================================================


      Code (inc. data)   RO Data    RW Data    ZI Data      Debug   

     12290       1804        438        204       2612     195683   Grand Totals
     12290       1804        438        204       2612     195683   ELF Image Totals
     12290       1804        438        204          0          0   ROM Totals

==============================================================================

    Total RO  Size (Code + RO Data)                12728 (  12.43kB)
    Total RW  Size (RW Data + ZI Data)              2816 (   2.75kB)
    Total ROM Size (Code + RO Data + RW Data)      12932 (  12.63kB)

==============================================================================

